Archive member included to satisfy reference by file (symbol)

/home/daan/.config/Code/User/globalStorage/bmd.stm32-for-vscode/@xpack-dev-tools/arm-none-eabi-gcc/10.2.1-1.1.2/.content/bin/../lib/gcc/arm-none-eabi/10.2.1/../../../../arm-none-eabi/lib/thumb/v7-m/nofp/libc.a(lib_a-exit.o)
                              /home/daan/.config/Code/User/globalStorage/bmd.stm32-for-vscode/@xpack-dev-tools/arm-none-eabi-gcc/10.2.1-1.1.2/.content/bin/../lib/gcc/arm-none-eabi/10.2.1/../../../../arm-none-eabi/lib/thumb/v7-m/nofp/crt0.o (exit)
/home/daan/.config/Code/User/globalStorage/bmd.stm32-for-vscode/@xpack-dev-tools/arm-none-eabi-gcc/10.2.1-1.1.2/.content/bin/../lib/gcc/arm-none-eabi/10.2.1/../../../../arm-none-eabi/lib/thumb/v7-m/nofp/libc.a(lib_a-impure.o)
                              /home/daan/.config/Code/User/globalStorage/bmd.stm32-for-vscode/@xpack-dev-tools/arm-none-eabi-gcc/10.2.1-1.1.2/.content/bin/../lib/gcc/arm-none-eabi/10.2.1/../../../../arm-none-eabi/lib/thumb/v7-m/nofp/libc.a(lib_a-exit.o) (_global_impure_ptr)
/home/daan/.config/Code/User/globalStorage/bmd.stm32-for-vscode/@xpack-dev-tools/arm-none-eabi-gcc/10.2.1-1.1.2/.content/bin/../lib/gcc/arm-none-eabi/10.2.1/../../../../arm-none-eabi/lib/thumb/v7-m/nofp/libc.a(lib_a-init.o)
                              /home/daan/.config/Code/User/globalStorage/bmd.stm32-for-vscode/@xpack-dev-tools/arm-none-eabi-gcc/10.2.1-1.1.2/.content/bin/../lib/gcc/arm-none-eabi/10.2.1/../../../../arm-none-eabi/lib/thumb/v7-m/nofp/crt0.o (__libc_init_array)
/home/daan/.config/Code/User/globalStorage/bmd.stm32-for-vscode/@xpack-dev-tools/arm-none-eabi-gcc/10.2.1-1.1.2/.content/bin/../lib/gcc/arm-none-eabi/10.2.1/../../../../arm-none-eabi/lib/thumb/v7-m/nofp/libc.a(lib_a-memset.o)
                              /home/daan/.config/Code/User/globalStorage/bmd.stm32-for-vscode/@xpack-dev-tools/arm-none-eabi-gcc/10.2.1-1.1.2/.content/bin/../lib/gcc/arm-none-eabi/10.2.1/../../../../arm-none-eabi/lib/thumb/v7-m/nofp/crt0.o (memset)
/home/daan/.config/Code/User/globalStorage/bmd.stm32-for-vscode/@xpack-dev-tools/arm-none-eabi-gcc/10.2.1-1.1.2/.content/bin/../lib/gcc/arm-none-eabi/10.2.1/../../../../arm-none-eabi/lib/thumb/v7-m/nofp/libc.a(lib_a-__call_atexit.o)
                              /home/daan/.config/Code/User/globalStorage/bmd.stm32-for-vscode/@xpack-dev-tools/arm-none-eabi-gcc/10.2.1-1.1.2/.content/bin/../lib/gcc/arm-none-eabi/10.2.1/../../../../arm-none-eabi/lib/thumb/v7-m/nofp/libc.a(lib_a-exit.o) (__call_exitprocs)
/home/daan/.config/Code/User/globalStorage/bmd.stm32-for-vscode/@xpack-dev-tools/arm-none-eabi-gcc/10.2.1-1.1.2/.content/bin/../lib/gcc/arm-none-eabi/10.2.1/../../../../arm-none-eabi/lib/thumb/v7-m/nofp/libc.a(lib_a-fini.o)
                              /home/daan/.config/Code/User/globalStorage/bmd.stm32-for-vscode/@xpack-dev-tools/arm-none-eabi-gcc/10.2.1-1.1.2/.content/bin/../lib/gcc/arm-none-eabi/10.2.1/../../../../arm-none-eabi/lib/thumb/v7-m/nofp/libc.a(lib_a-__call_atexit.o) (__libc_fini_array)
/home/daan/.config/Code/User/globalStorage/bmd.stm32-for-vscode/@xpack-dev-tools/arm-none-eabi-gcc/10.2.1-1.1.2/.content/bin/../lib/gcc/arm-none-eabi/10.2.1/../../../../arm-none-eabi/lib/thumb/v7-m/nofp/libc.a(lib_a-lock.o)
                              /home/daan/.config/Code/User/globalStorage/bmd.stm32-for-vscode/@xpack-dev-tools/arm-none-eabi-gcc/10.2.1-1.1.2/.content/bin/../lib/gcc/arm-none-eabi/10.2.1/../../../../arm-none-eabi/lib/thumb/v7-m/nofp/libc.a(lib_a-__call_atexit.o) (__retarget_lock_acquire_recursive)
/home/daan/.config/Code/User/globalStorage/bmd.stm32-for-vscode/@xpack-dev-tools/arm-none-eabi-gcc/10.2.1-1.1.2/.content/bin/../lib/gcc/arm-none-eabi/10.2.1/../../../../arm-none-eabi/lib/thumb/v7-m/nofp/libc.a(lib_a-atexit.o)
                              /home/daan/.config/Code/User/globalStorage/bmd.stm32-for-vscode/@xpack-dev-tools/arm-none-eabi-gcc/10.2.1-1.1.2/.content/bin/../lib/gcc/arm-none-eabi/10.2.1/../../../../arm-none-eabi/lib/thumb/v7-m/nofp/libc.a(lib_a-__call_atexit.o) (atexit)
/home/daan/.config/Code/User/globalStorage/bmd.stm32-for-vscode/@xpack-dev-tools/arm-none-eabi-gcc/10.2.1-1.1.2/.content/bin/../lib/gcc/arm-none-eabi/10.2.1/../../../../arm-none-eabi/lib/thumb/v7-m/nofp/libc.a(lib_a-__atexit.o)
                              /home/daan/.config/Code/User/globalStorage/bmd.stm32-for-vscode/@xpack-dev-tools/arm-none-eabi-gcc/10.2.1-1.1.2/.content/bin/../lib/gcc/arm-none-eabi/10.2.1/../../../../arm-none-eabi/lib/thumb/v7-m/nofp/libc.a(lib_a-atexit.o) (__register_exitproc)
/home/daan/.config/Code/User/globalStorage/bmd.stm32-for-vscode/@xpack-dev-tools/arm-none-eabi-gcc/10.2.1-1.1.2/.content/bin/../lib/gcc/arm-none-eabi/10.2.1/../../../../arm-none-eabi/lib/thumb/v7-m/nofp/libnosys.a(_exit.o)
[...]
Memory Configuration

Name             Origin             Length             Attributes
RAM              0x0000000020000000 0x0000000000005000 xrw
FLASH            0x0000000008000000 0x0000000000010000 xr
*default*        0x0000000000000000 0xffffffffffffffff

Linker script and memory map

LOAD /home/daan/.config/Code/User/globalStorage/bmd.stm32-for-vscode/@xpack-dev-tools/arm-none-eabi-gcc/10.2.1-1.1.2/.content/bin/../lib/gcc/arm-none-eabi/10.2.1/thumb/v7-m/nofp/crti.o
LOAD /home/daan/.config/Code/User/globalStorage/bmd.stm32-for-vscode/@xpack-dev-tools/arm-none-eabi-gcc/10.2.1-1.1.2/.content/bin/../lib/gcc/arm-none-eabi/10.2.1/thumb/v7-m/nofp/crtbegin.o
LOAD /home/daan/.config/Code/User/globalStorage/bmd.stm32-for-vscode/@xpack-dev-tools/arm-none-eabi-gcc/10.2.1-1.1.2/.content/bin/../lib/gcc/arm-none-eabi/10.2.1/../../../../arm-none-eabi/lib/thumb/v7-m/nofp/crt0.o
LOAD build/main.o
LOAD build/stm32f1xx_hal_msp.o
LOAD build/stm32f1xx_it.o
LOAD build/system_stm32f1xx.o
LOAD build/stm32f1xx_hal.o
LOAD build/stm32f1xx_hal_cortex.o
LOAD build/stm32f1xx_hal_dma.o
LOAD build/stm32f1xx_hal_exti.o
LOAD build/stm32f1xx_hal_flash.o
LOAD build/stm32f1xx_hal_flash_ex.o
LOAD build/stm32f1xx_hal_gpio.o
LOAD build/stm32f1xx_hal_gpio_ex.o
LOAD build/stm32f1xx_hal_pwr.o
LOAD build/stm32f1xx_hal_rcc.o
LOAD build/stm32f1xx_hal_rcc_ex.o
LOAD build/stm32f1xx_hal_tim.o
LOAD build/stm32f1xx_hal_tim_ex.o
LOAD build/startup_stm32f103xb.o
LOAD /home/daan/.config/Code/User/globalStorage/bmd.stm32-for-vscode/@xpack-dev-tools/arm-none-eabi-gcc/10.2.1-1.1.2/.content/bin/../lib/gcc/arm-none-eabi/10.2.1/../../../../arm-none-eabi/lib/thumb/v7-m/nofp/libc.a
LOAD /home/daan/.config/Code/User/globalStorage/bmd.stm32-for-vscode/@xpack-dev-tools/arm-none-eabi-gcc/10.2.1-1.1.2/.content/bin/../lib/gcc/arm-none-eabi/10.2.1/../../../../arm-none-eabi/lib/thumb/v7-m/nofp/libm.a
LOAD /home/daan/.config/Code/User/globalStorage/bmd.stm32-for-vscode/@xpack-dev-tools/arm-none-eabi-gcc/10.2.1-1.1.2/.content/bin/../lib/gcc/arm-none-eabi/10.2.1/../../../../arm-none-eabi/lib/thumb/v7-m/nofp/libnosys.a
START GROUP
LOAD /home/daan/.config/Code/User/globalStorage/bmd.stm32-for-vscode/@xpack-dev-tools/arm-none-eabi-gcc/10.2.1-1.1.2/.content/bin/../lib/gcc/arm-none-eabi/10.2.1/thumb/v7-m/nofp/libgcc.a
LOAD /home/daan/.config/Code/User/globalStorage/bmd.stm32-for-vscode/@xpack-dev-tools/arm-none-eabi-gcc/10.2.1-1.1.2/.content/bin/../lib/gcc/arm-none-eabi/10.2.1/../../../../arm-none-eabi/lib/thumb/v7-m/nofp/libc.a
END GROUP
START GROUP
LOAD /home/daan/.config/Code/User/globalStorage/bmd.stm32-for-vscode/@xpack-dev-tools/arm-none-eabi-gcc/10.2.1-1.1.2/.content/bin/../lib/gcc/arm-none-eabi/10.2.1/thumb/v7-m/nofp/libgcc.a
LOAD /home/daan/.config/Code/User/globalStorage/bmd.stm32-for-vscode/@xpack-dev-tools/arm-none-eabi-gcc/10.2.1-1.1.2/.content/bin/../lib/gcc/arm-none-eabi/10.2.1/../../../../arm-none-eabi/lib/thumb/v7-m/nofp/libc.a
LOAD /home/daan/.config/Code/User/globalStorage/bmd.stm32-for-vscode/@xpack-dev-tools/arm-none-eabi-gcc/10.2.1-1.1.2/.content/bin/../lib/gcc/arm-none-eabi/10.2.1/../../../../arm-none-eabi/lib/thumb/v7-m/nofp/libnosys.a
END GROUP
LOAD /home/daan/.config/Code/User/globalStorage/bmd.stm32-for-vscode/@xpack-dev-tools/arm-none-eabi-gcc/10.2.1-1.1.2/.content/bin/../lib/gcc/arm-none-eabi/10.2.1/thumb/v7-m/nofp/crtend.o
LOAD /home/daan/.config/Code/User/globalStorage/bmd.stm32-for-vscode/@xpack-dev-tools/arm-none-eabi-gcc/10.2.1-1.1.2/.content/bin/../lib/gcc/arm-none-eabi/10.2.1/thumb/v7-m/nofp/crtn.o
                0x0000000020005000                _estack = 0x20005000
                0x0000000000000200                _Min_Heap_Size = 0x200
                0x0000000000000400                _Min_Stack_Size = 0x400

.isr_vector     0x0000000008000000      0x10c
                0x0000000008000000                . = ALIGN (0x4)
 *(.isr_vector)
 .isr_vector    0x0000000008000000      0x10c build/startup_stm32f103xb.o
                0x0000000008000000                g_pfnVectors
                0x000000000800010c                . = ALIGN (0x4)

.text           0x000000000800010c     0x1eac
                0x000000000800010c                . = ALIGN (0x4)
 *(.text)
 .text          0x000000000800010c      0x1ac /home/daan/.config/Code/User/globalStorage/bmd.stm32-for-vscode/@xpack-dev-tools/arm-none-eabi-gcc/10.2.1-1.1.2/.content/bin/../lib/gcc/arm-none-eabi/10.2.1/thumb/v7-m/nofp/libgcc.a(libunwind.o)
                0x000000000800010c                __restore_core_regs
                0x000000000800010c                restore_core_regs
                0x0000000008000124                __gnu_Unwind_Restore_VFP
                0x000000000800012c                __gnu_Unwind_Save_VFP
                0x0000000008000134                __gnu_Unwind_Restore_VFP_D
                0x000000000800013c                __gnu_Unwind_Save_VFP_D
                0x0000000008000144                __gnu_Unwind_Restore_VFP_D_16_to_31
                0x000000000800014c                __gnu_Unwind_Save_VFP_D_16_to_31
                0x0000000008000154                __gnu_Unwind_Restore_WMMXD
                0x0000000008000198                __gnu_Unwind_Save_WMMXD
                0x00000000080001dc                __gnu_Unwind_Restore_WMMXC
                0x00000000080001f0                __gnu_Unwind_Save_WMMXC
                0x0000000008000204                ___Unwind_RaiseException
                0x0000000008000204                _Unwind_RaiseException
                0x0000000008000228                ___Unwind_Resume
                0x0000000008000228                _Unwind_Resume
                0x000000000800024c                _Unwind_Resume_or_Rethrow
                0x000000000800024c                ___Unwind_Resume_or_Rethrow
                0x0000000008000270                ___Unwind_ForcedUnwind
                0x0000000008000270                _Unwind_ForcedUnwind
                0x0000000008000294                _Unwind_Backtrace
                0x0000000008000294                ___Unwind_Backtrace
 .text          0x00000000080002b8       0xec /home/daan/.config/Code/User/globalStorage/bmd.stm32-for-vscode/@xpack-dev-tools/arm-none-eabi-gcc/10.2.1-1.1.2/.content/bin/../lib/gcc/arm-none-eabi/10.2.1/../../../../arm-none-eabi/lib/thumb/v7-m/nofp/libc.a(lib_a-memcpy.o)
                0x00000000080002b8                memcpy
 *(.text*)
 .text.__do_global_dtors_aux
                0x00000000080003a4       0x24 /home/daan/.config/Code/User/globalStorage/bmd.stm32-for-vscode/@xpack-dev-tools/arm-none-eabi-gcc/10.2.1-1.1.2/.content/bin/../lib/gcc/arm-none-eabi/10.2.1/thumb/v7-m/nofp/crtbegin.o
 .text.frame_dummy
                0x00000000080003c8       0x1c /home/daan/.config/Code/User/globalStorage/bmd.stm32-for-vscode/@xpack-dev-tools/arm-none-eabi-gcc/10.2.1-1.1.2/.content/bin/../lib/gcc/arm-none-eabi/10.2.1/thumb/v7-m/nofp/crtbegin.o
 .text.MX_GPIO_Init
                0x00000000080003e4       0xa4 build/main.o
 .text.Error_Handler
                0x0000000008000488        0x4 build/main.o
                0x0000000008000488                Error_Handler
 .text.SystemClock_Config
                0x000000000800048c       0x52 build/main.o
                0x000000000800048c                SystemClock_Config
 *fill*         0x00000000080004de        0x2 
 .text.main     0x00000000080004e0       0xc4 build/main.o
                0x00000000080004e0                main
 .text.HAL_MspInit
                0x00000000080005a4       0x44 build/stm32f1xx_hal_msp.o
                0x00000000080005a4                HAL_MspInit
 .text.NMI_Handler
                0x00000000080005e8        0x2 build/stm32f1xx_it.o
                0x00000000080005e8                NMI_Handler
 .text.HardFault_Handler
                0x00000000080005ea        0x2 build/stm32f1xx_it.o
                0x00000000080005ea                HardFault_Handler
 .text.MemManage_Handler
                0x00000000080005ec        0x2 build/stm32f1xx_it.o
                0x00000000080005ec                MemManage_Handler
 .text.BusFault_Handler
                0x00000000080005ee        0x2 build/stm32f1xx_it.o
                0x00000000080005ee                BusFault_Handler
 .text.UsageFault_Handler
                0x00000000080005f0        0x2 build/stm32f1xx_it.o
                0x00000000080005f0                UsageFault_Handler
 .text.SVC_Handler
                0x00000000080005f2        0x2 build/stm32f1xx_it.o
                0x00000000080005f2                SVC_Handler
 .text.DebugMon_Handler
                0x00000000080005f4        0x2 build/stm32f1xx_it.o
                0x00000000080005f4                DebugMon_Handler
 .text.PendSV_Handler
                0x00000000080005f6        0x2 build/stm32f1xx_it.o
                0x00000000080005f6                PendSV_Handler
 .text.SysTick_Handler
                0x00000000080005f8        0x8 build/stm32f1xx_it.o
                0x00000000080005f8                SysTick_Handler
 .text.SystemInit
                0x0000000008000600        0x2 build/system_stm32f1xx.o
                0x0000000008000600                SystemInit
 *fill*         0x0000000008000602        0x2 
 .text.HAL_InitTick
                0x0000000008000604       0x4c build/stm32f1xx_hal.o
                0x0000000008000604                HAL_InitTick
 .text.HAL_Init
                0x0000000008000650       0x24 build/stm32f1xx_hal.o
                0x0000000008000650                HAL_Init
 .text.HAL_IncTick
                0x0000000008000674       0x18 build/stm32f1xx_hal.o
                0x0000000008000674                HAL_IncTick
 .text.HAL_GetTick
                0x000000000800068c        0xc build/stm32f1xx_hal.o
                0x000000000800068c                HAL_GetTick
 .text.HAL_Delay
                0x0000000008000698       0x28 build/stm32f1xx_hal.o
                0x0000000008000698                HAL_Delay
 .text.HAL_NVIC_SetPriorityGrouping
                0x00000000080006c0       0x24 build/stm32f1xx_hal_cortex.o
                0x00000000080006c0                HAL_NVIC_SetPriorityGrouping
 .text.HAL_NVIC_SetPriority
                0x00000000080006e4       0x70 build/stm32f1xx_hal_cortex.o
                0x00000000080006e4                HAL_NVIC_SetPriority
 .text.HAL_SYSTICK_Config
                0x0000000008000754       0x28 build/stm32f1xx_hal_cortex.o
                0x0000000008000754                HAL_SYSTICK_Config
 .text.HAL_GPIO_Init
                0x000000000800077c      0x224 build/stm32f1xx_hal_gpio.o
                0x000000000800077c                HAL_GPIO_Init
 .text.HAL_GPIO_ReadPin
                0x00000000080009a0        0xe build/stm32f1xx_hal_gpio.o
                0x00000000080009a0                HAL_GPIO_ReadPin
 .text.HAL_GPIO_WritePin
                0x00000000080009ae        0xc build/stm32f1xx_hal_gpio.o
                0x00000000080009ae                HAL_GPIO_WritePin
 *fill*         0x00000000080009ba        0x2 
 .text.RCC_Delay
                0x00000000080009bc       0x2c build/stm32f1xx_hal_rcc.o
 .text.HAL_RCC_OscConfig
                0x00000000080009e8      0x410 build/stm32f1xx_hal_rcc.o
                0x00000000080009e8                HAL_RCC_OscConfig
 .text.HAL_RCC_GetSysClockFreq
                0x0000000008000df8       0x6c build/stm32f1xx_hal_rcc.o
                0x0000000008000df8                HAL_RCC_GetSysClockFreq
 .text.HAL_RCC_ClockConfig
                0x0000000008000e64      0x16c build/stm32f1xx_hal_rcc.o
                0x0000000008000e64                HAL_RCC_ClockConfig
 .text.Reset_Handler
                0x0000000008000fd0       0x48 build/startup_stm32f103xb.o
                0x0000000008000fd0                Reset_Handler
 .text.Default_Handler
                0x0000000008001018        0x2 build/startup_stm32f103xb.o
                0x0000000008001018                RTC_Alarm_IRQHandler
                0x0000000008001018                EXTI2_IRQHandler
                0x0000000008001018                TIM1_CC_IRQHandler
                0x0000000008001018                PVD_IRQHandler
                0x0000000008001018                EXTI3_IRQHandler
                0x0000000008001018                EXTI0_IRQHandler
                0x0000000008001018                I2C2_EV_IRQHandler
                0x0000000008001018                ADC1_2_IRQHandler
                0x0000000008001018                SPI1_IRQHandler
                0x0000000008001018                TAMPER_IRQHandler
                0x0000000008001018                DMA1_Channel4_IRQHandler
                0x0000000008001018                USART3_IRQHandler
                0x0000000008001018                RTC_IRQHandler
                0x0000000008001018                DMA1_Channel7_IRQHandler
                0x0000000008001018                CAN1_RX1_IRQHandler
                0x0000000008001018                TIM4_IRQHandler
                0x0000000008001018                I2C1_EV_IRQHandler
                0x0000000008001018                DMA1_Channel6_IRQHandler
                0x0000000008001018                TIM3_IRQHandler
                0x0000000008001018                RCC_IRQHandler
                0x0000000008001018                TIM1_TRG_COM_IRQHandler
                0x0000000008001018                DMA1_Channel1_IRQHandler
                0x0000000008001018                Default_Handler
                0x0000000008001018                EXTI15_10_IRQHandler
                0x0000000008001018                EXTI9_5_IRQHandler
                0x0000000008001018                SPI2_IRQHandler
                0x0000000008001018                DMA1_Channel5_IRQHandler
                0x0000000008001018                EXTI4_IRQHandler
                0x0000000008001018                USB_LP_CAN1_RX0_IRQHandler
                0x0000000008001018                USB_HP_CAN1_TX_IRQHandler
                0x0000000008001018                DMA1_Channel3_IRQHandler
                0x0000000008001018                TIM1_UP_IRQHandler
                0x0000000008001018                WWDG_IRQHandler
                0x0000000008001018                TIM2_IRQHandler
                0x0000000008001018                TIM1_BRK_IRQHandler
                0x0000000008001018                EXTI1_IRQHandler
                0x0000000008001018                USART2_IRQHandler
                0x0000000008001018                I2C2_ER_IRQHandler
                0x0000000008001018                DMA1_Channel2_IRQHandler
                0x0000000008001018                CAN1_SCE_IRQHandler
                0x0000000008001018                FLASH_IRQHandler
                0x0000000008001018                USART1_IRQHandler
                0x0000000008001018                I2C1_ER_IRQHandler
                0x0000000008001018                USBWakeUp_IRQHandler
 *fill*         0x000000000800101a        0x2 
 .text.__libc_init_array
                0x000000000800101c       0x48 /home/daan/.config/Code/User/globalStorage/bmd.stm32-for-vscode/@xpack-dev-tools/arm-none-eabi-gcc/10.2.1-1.1.2/.content/bin/../lib/gcc/arm-none-eabi/10.2.1/../../../../arm-none-eabi/lib/thumb/v7-m/nofp/libc.a(lib_a-init.o)
                0x000000000800101c                __libc_init_array
 .text.memset   0x0000000008001064       0xa4 /home/daan/.config/Code/User/globalStorage/bmd.stm32-for-vscode/@xpack-dev-tools/arm-none-eabi-gcc/10.2.1-1.1.2/.content/bin/../lib/gcc/arm-none-eabi/10.2.1/../../../../arm-none-eabi/lib/thumb/v7-m/nofp/libc.a(lib_a-memset.o)
                0x0000000008001064                memset
 .text.startup.register_fini
                0x0000000008001108       0x14 /home/daan/.config/Code/User/globalStorage/bmd.stm32-for-vscode/@xpack-dev-tools/arm-none-eabi-gcc/10.2.1-1.1.2/.content/bin/../lib/gcc/arm-none-eabi/10.2.1/../../../../arm-none-eabi/lib/thumb/v7-m/nofp/libc.a(lib_a-__call_atexit.o)
 .text.__libc_fini_array
                0x000000000800111c       0x2c /home/daan/.config/Code/User/globalStorage/bmd.stm32-for-vscode/@xpack-dev-tools/arm-none-eabi-gcc/10.2.1-1.1.2/.content/bin/../lib/gcc/arm-none-eabi/10.2.1/../../../../arm-none-eabi/lib/thumb/v7-m/nofp/libc.a(lib_a-fini.o)
                0x000000000800111c                __libc_fini_array
 .text.__retarget_lock_acquire_recursive
                0x0000000008001148        0x4 /home/daan/.config/Code/User/globalStorage/bmd.stm32-for-vscode/@xpack-dev-tools/arm-none-eabi-gcc/10.2.1-1.1.2/.content/bin/../lib/gcc/arm-none-eabi/10.2.1/../../../../arm-none-eabi/lib/thumb/v7-m/nofp/libc.a(lib_a-lock.o)
                0x0000000008001148                __retarget_lock_acquire_recursive
 .text.__retarget_lock_release_recursive
                0x000000000800114c        0x4 /home/daan/.config/Code/User/globalStorage/bmd.stm32-for-vscode/@xpack-dev-tools/arm-none-eabi-gcc/10.2.1-1.1.2/.content/bin/../lib/gcc/arm-none-eabi/10.2.1/../../../../arm-none-eabi/lib/thumb/v7-m/nofp/libc.a(lib_a-lock.o)
                0x000000000800114c                __retarget_lock_release_recursive
 .text.atexit   0x0000000008001150        0xc /home/daan/.config/Code/User/globalStorage/bmd.stm32-for-vscode/@xpack-dev-tools/arm-none-eabi-gcc/10.2.1-1.1.2/.content/bin/../lib/gcc/arm-none-eabi/10.2.1/../../../../arm-none-eabi/lib/thumb/v7-m/nofp/libc.a(lib_a-atexit.o)
                0x0000000008001150                atexit
 .text.__register_exitproc
                0x000000000800115c       0x8c /home/daan/.config/Code/User/globalStorage/bmd.stm32-for-vscode/@xpack-dev-tools/arm-none-eabi-gcc/10.2.1-1.1.2/.content/bin/../lib/gcc/arm-none-eabi/10.2.1/../../../../arm-none-eabi/lib/thumb/v7-m/nofp/libc.a(lib_a-__atexit.o)
                0x000000000800115c                __register_exitproc
 .text._exit    0x00000000080011e8        0x4 /home/daan/.config/Code/User/globalStorage/bmd.stm32-for-vscode/@xpack-dev-tools/arm-none-eabi-gcc/10.2.1-1.1.2/.content/bin/../lib/gcc/arm-none-eabi/10.2.1/../../../../arm-none-eabi/lib/thumb/v7-m/nofp/libnosys.a(_exit.o)
                0x00000000080011e8                _exit
 .text.selfrel_offset31
                0x00000000080011ec       0x14 /home/daan/.config/Code/User/globalStorage/bmd.stm32-for-vscode/@xpack-dev-tools/arm-none-eabi-gcc/10.2.1-1.1.2/.content/bin/../lib/gcc/arm-none-eabi/10.2.1/thumb/v7-m/nofp/libgcc.a(unwind-arm.o)
 .text.search_EIT_table
                0x0000000008001200       0x60 /home/daan/.config/Code/User/globalStorage/bmd.stm32-for-vscode/@xpack-dev-tools/arm-none-eabi-gcc/10.2.1-1.1.2/.content/bin/../lib/gcc/arm-none-eabi/10.2.1/thumb/v7-m/nofp/libgcc.a(unwind-arm.o)
 .text.__gnu_unwind_get_pr_addr
                0x0000000008001260       0x28 /home/daan/.config/Code/User/globalStorage/bmd.stm32-for-vscode/@xpack-dev-tools/arm-none-eabi-gcc/10.2.1-1.1.2/.content/bin/../lib/gcc/arm-none-eabi/10.2.1/thumb/v7-m/nofp/libgcc.a(unwind-arm.o)
 .text.get_eit_entry
                0x0000000008001288       0xa0 /home/daan/.config/Code/User/globalStorage/bmd.stm32-for-vscode/@xpack-dev-tools/arm-none-eabi-gcc/10.2.1-1.1.2/.content/bin/../lib/gcc/arm-none-eabi/10.2.1/thumb/v7-m/nofp/libgcc.a(unwind-arm.o)
 .text.restore_non_core_regs
                0x0000000008001328       0x58 /home/daan/.config/Code/User/globalStorage/bmd.stm32-for-vscode/@xpack-dev-tools/arm-none-eabi-gcc/10.2.1-1.1.2/.content/bin/../lib/gcc/arm-none-eabi/10.2.1/thumb/v7-m/nofp/libgcc.a(unwind-arm.o)
 .text._Unwind_decode_typeinfo_ptr.constprop.0
                0x0000000008001380        0xc /home/daan/.config/Code/User/globalStorage/bmd.stm32-for-vscode/@xpack-dev-tools/arm-none-eabi-gcc/10.2.1-1.1.2/.content/bin/../lib/gcc/arm-none-eabi/10.2.1/thumb/v7-m/nofp/libgcc.a(unwind-arm.o)
 .text._Unwind_DebugHook
                0x000000000800138c        0x4 /home/daan/.config/Code/User/globalStorage/bmd.stm32-for-vscode/@xpack-dev-tools/arm-none-eabi-gcc/10.2.1-1.1.2/.content/bin/../lib/gcc/arm-none-eabi/10.2.1/thumb/v7-m/nofp/libgcc.a(unwind-arm.o)
 .text.unwind_phase2
                0x0000000008001390       0x40 /home/daan/.config/Code/User/globalStorage/bmd.stm32-for-vscode/@xpack-dev-tools/arm-none-eabi-gcc/10.2.1-1.1.2/.content/bin/../lib/gcc/arm-none-eabi/10.2.1/thumb/v7-m/nofp/libgcc.a(unwind-arm.o)
 .text.unwind_phase2_forced
                0x00000000080013d0       0xd8 /home/daan/.config/Code/User/globalStorage/bmd.stm32-for-vscode/@xpack-dev-tools/arm-none-eabi-gcc/10.2.1-1.1.2/.content/bin/../lib/gcc/arm-none-eabi/10.2.1/thumb/v7-m/nofp/libgcc.a(unwind-arm.o)
 .text.__gnu_Unwind_RaiseException
                0x00000000080014a8       0x68 /home/daan/.config/Code/User/globalStorage/bmd.stm32-for-vscode/@xpack-dev-tools/arm-none-eabi-gcc/10.2.1-1.1.2/.content/bin/../lib/gcc/arm-none-eabi/10.2.1/thumb/v7-m/nofp/libgcc.a(unwind-arm.o)
                0x00000000080014a8                __gnu_Unwind_RaiseException
 .text.__gnu_Unwind_ForcedUnwind
                0x0000000008001510       0x18 /home/daan/.config/Code/User/globalStorage/bmd.stm32-for-vscode/@xpack-dev-tools/arm-none-eabi-gcc/10.2.1-1.1.2/.content/bin/../lib/gcc/arm-none-eabi/10.2.1/thumb/v7-m/nofp/libgcc.a(unwind-arm.o)
                0x0000000008001510                __gnu_Unwind_ForcedUnwind
 .text.__gnu_Unwind_Resume
                0x0000000008001528       0x44 /home/daan/.config/Code/User/globalStorage/bmd.stm32-for-vscode/@xpack-dev-tools/arm-none-eabi-gcc/10.2.1-1.1.2/.content/bin/../lib/gcc/arm-none-eabi/10.2.1/thumb/v7-m/nofp/libgcc.a(unwind-arm.o)
                0x0000000008001528                __gnu_Unwind_Resume
 .text.__gnu_Unwind_Resume_or_Rethrow
                0x000000000800156c       0x18 /home/daan/.config/Code/User/globalStorage/bmd.stm32-for-vscode/@xpack-dev-tools/arm-none-eabi-gcc/10.2.1-1.1.2/.content/bin/../lib/gcc/arm-none-eabi/10.2.1/thumb/v7-m/nofp/libgcc.a(unwind-arm.o)
                0x000000000800156c                __gnu_Unwind_Resume_or_Rethrow
 .text._Unwind_VRS_Get
                0x0000000008001584       0x30 /home/daan/.config/Code/User/globalStorage/bmd.stm32-for-vscode/@xpack-dev-tools/arm-none-eabi-gcc/10.2.1-1.1.2/.content/bin/../lib/gcc/arm-none-eabi/10.2.1/thumb/v7-m/nofp/libgcc.a(unwind-arm.o)
                0x0000000008001584                _Unwind_VRS_Get
 .text._Unwind_GetGR
                0x00000000080015b4       0x1c /home/daan/.config/Code/User/globalStorage/bmd.stm32-for-vscode/@xpack-dev-tools/arm-none-eabi-gcc/10.2.1-1.1.2/.content/bin/../lib/gcc/arm-none-eabi/10.2.1/thumb/v7-m/nofp/libgcc.a(unwind-arm.o)
 .text._Unwind_VRS_Set
                0x00000000080015d0       0x30 /home/daan/.config/Code/User/globalStorage/bmd.stm32-for-vscode/@xpack-dev-tools/arm-none-eabi-gcc/10.2.1-1.1.2/.content/bin/../lib/gcc/arm-none-eabi/10.2.1/thumb/v7-m/nofp/libgcc.a(unwind-arm.o)
                0x00000000080015d0                _Unwind_VRS_Set
 .text._Unwind_SetGR
                0x0000000008001600       0x18 /home/daan/.config/Code/User/globalStorage/bmd.stm32-for-vscode/@xpack-dev-tools/arm-none-eabi-gcc/10.2.1-1.1.2/.content/bin/../lib/gcc/arm-none-eabi/10.2.1/thumb/v7-m/nofp/libgcc.a(unwind-arm.o)
 .text.__gnu_Unwind_Backtrace
                0x0000000008001618       0x80 /home/daan/.config/Code/User/globalStorage/bmd.stm32-for-vscode/@xpack-dev-tools/arm-none-eabi-gcc/10.2.1-1.1.2/.content/bin/../lib/gcc/arm-none-eabi/10.2.1/thumb/v7-m/nofp/libgcc.a(unwind-arm.o)
                0x0000000008001618                __gnu_Unwind_Backtrace
 .text.__gnu_unwind_pr_common
                0x0000000008001698      0x2a8 /home/daan/.config/Code/User/globalStorage/bmd.stm32-for-vscode/@xpack-dev-tools/arm-none-eabi-gcc/10.2.1-1.1.2/.content/bin/../lib/gcc/arm-none-eabi/10.2.1/thumb/v7-m/nofp/libgcc.a(unwind-arm.o)
 .text.__aeabi_unwind_cpp_pr0
                0x0000000008001940        0x8 /home/daan/.config/Code/User/globalStorage/bmd.stm32-for-vscode/@xpack-dev-tools/arm-none-eabi-gcc/10.2.1-1.1.2/.content/bin/../lib/gcc/arm-none-eabi/10.2.1/thumb/v7-m/nofp/libgcc.a(unwind-arm.o)
                0x0000000008001940                __aeabi_unwind_cpp_pr0
 .text.__aeabi_unwind_cpp_pr1
                0x0000000008001948        0x8 /home/daan/.config/Code/User/globalStorage/bmd.stm32-for-vscode/@xpack-dev-tools/arm-none-eabi-gcc/10.2.1-1.1.2/.content/bin/../lib/gcc/arm-none-eabi/10.2.1/thumb/v7-m/nofp/libgcc.a(unwind-arm.o)
                0x0000000008001948                __aeabi_unwind_cpp_pr1
 .text.__aeabi_unwind_cpp_pr2
                0x0000000008001950        0x8 /home/daan/.config/Code/User/globalStorage/bmd.stm32-for-vscode/@xpack-dev-tools/arm-none-eabi-gcc/10.2.1-1.1.2/.content/bin/../lib/gcc/arm-none-eabi/10.2.1/thumb/v7-m/nofp/libgcc.a(unwind-arm.o)
                0x0000000008001950                __aeabi_unwind_cpp_pr2
 .text._Unwind_VRS_Pop
                0x0000000008001958      0x274 /home/daan/.config/Code/User/globalStorage/bmd.stm32-for-vscode/@xpack-dev-tools/arm-none-eabi-gcc/10.2.1-1.1.2/.content/bin/../lib/gcc/arm-none-eabi/10.2.1/thumb/v7-m/nofp/libgcc.a(unwind-arm.o)
                0x0000000008001958                _Unwind_VRS_Pop
 .text.next_unwind_byte
                0x0000000008001bcc       0x38 /home/daan/.config/Code/User/globalStorage/bmd.stm32-for-vscode/@xpack-dev-tools/arm-none-eabi-gcc/10.2.1-1.1.2/.content/bin/../lib/gcc/arm-none-eabi/10.2.1/thumb/v7-m/nofp/libgcc.a(pr-support.o)
 .text.__gnu_unwind_execute
                0x0000000008001c04      0x2e4 /home/daan/.config/Code/User/globalStorage/bmd.stm32-for-vscode/@xpack-dev-tools/arm-none-eabi-gcc/10.2.1-1.1.2/.content/bin/../lib/gcc/arm-none-eabi/10.2.1/thumb/v7-m/nofp/libgcc.a(pr-support.o)
                0x0000000008001c04                __gnu_unwind_execute
 .text.abort    0x0000000008001ee8       0x10 /home/daan/.config/Code/User/globalStorage/bmd.stm32-for-vscode/@xpack-dev-tools/arm-none-eabi-gcc/10.2.1-1.1.2/.content/bin/../lib/gcc/arm-none-eabi/10.2.1/../../../../arm-none-eabi/lib/thumb/v7-m/nofp/libc.a(lib_a-abort.o)
                0x0000000008001ee8                abort
 .text.raise    0x0000000008001ef8       0x5c /home/daan/.config/Code/User/globalStorage/bmd.stm32-for-vscode/@xpack-dev-tools/arm-none-eabi-gcc/10.2.1-1.1.2/.content/bin/../lib/gcc/arm-none-eabi/10.2.1/../../../../arm-none-eabi/lib/thumb/v7-m/nofp/libc.a(lib_a-signal.o)
                0x0000000008001ef8                raise
 .text._kill_r  0x0000000008001f54       0x28 /home/daan/.config/Code/User/globalStorage/bmd.stm32-for-vscode/@xpack-dev-tools/arm-none-eabi-gcc/10.2.1-1.1.2/.content/bin/../lib/gcc/arm-none-eabi/10.2.1/../../../../arm-none-eabi/lib/thumb/v7-m/nofp/libc.a(lib_a-signalr.o)
                0x0000000008001f54                _kill_r
 .text._getpid_r
                0x0000000008001f7c        0x4 /home/daan/.config/Code/User/globalStorage/bmd.stm32-for-vscode/@xpack-dev-tools/arm-none-eabi-gcc/10.2.1-1.1.2/.content/bin/../lib/gcc/arm-none-eabi/10.2.1/../../../../arm-none-eabi/lib/thumb/v7-m/nofp/libc.a(lib_a-signalr.o)
                0x0000000008001f7c                _getpid_r
 .text._getpid  0x0000000008001f80       0x10 /home/daan/.config/Code/User/globalStorage/bmd.stm32-for-vscode/@xpack-dev-tools/arm-none-eabi-gcc/10.2.1-1.1.2/.content/bin/../lib/gcc/arm-none-eabi/10.2.1/../../../../arm-none-eabi/lib/thumb/v7-m/nofp/libnosys.a(getpid.o)
                0x0000000008001f80                _getpid
 .text._kill    0x0000000008001f90       0x10 /home/daan/.config/Code/User/globalStorage/bmd.stm32-for-vscode/@xpack-dev-tools/arm-none-eabi-gcc/10.2.1-1.1.2/.content/bin/../lib/gcc/arm-none-eabi/10.2.1/../../../../arm-none-eabi/lib/thumb/v7-m/nofp/libnosys.a(kill.o)
                0x0000000008001f90                _kill
 *(.glue_7)
 .glue_7        0x0000000008001fa0        0x0 linker stubs
 *(.glue_7t)
 .glue_7t       0x0000000008001fa0        0x0 linker stubs
 *(.eh_frame)
 .eh_frame      0x0000000008001fa0        0x0 /home/daan/.config/Code/User/globalStorage/bmd.stm32-for-vscode/@xpack-dev-tools/arm-none-eabi-gcc/10.2.1-1.1.2/.content/bin/../lib/gcc/arm-none-eabi/10.2.1/thumb/v7-m/nofp/crtbegin.o
 *(.init)
 .init          0x0000000008001fa0        0x4 /home/daan/.config/Code/User/globalStorage/bmd.stm32-for-vscode/@xpack-dev-tools/arm-none-eabi-gcc/10.2.1-1.1.2/.content/bin/../lib/gcc/arm-none-eabi/10.2.1/thumb/v7-m/nofp/crti.o
                0x0000000008001fa0                _init
 .init          0x0000000008001fa4        0x8 /home/daan/.config/Code/User/globalStorage/bmd.stm32-for-vscode/@xpack-dev-tools/arm-none-eabi-gcc/10.2.1-1.1.2/.content/bin/../lib/gcc/arm-none-eabi/10.2.1/thumb/v7-m/nofp/crtn.o
 *(.fini)
 .fini          0x0000000008001fac        0x4 /home/daan/.config/Code/User/globalStorage/bmd.stm32-for-vscode/@xpack-dev-tools/arm-none-eabi-gcc/10.2.1-1.1.2/.content/bin/../lib/gcc/arm-none-eabi/10.2.1/thumb/v7-m/nofp/crti.o
                0x0000000008001fac                _fini
 .fini          0x0000000008001fb0        0x8 /home/daan/.config/Code/User/globalStorage/bmd.stm32-for-vscode/@xpack-dev-tools/arm-none-eabi-gcc/10.2.1-1.1.2/.content/bin/../lib/gcc/arm-none-eabi/10.2.1/thumb/v7-m/nofp/crtn.o
                0x0000000008001fb8                . = ALIGN (0x4)
                0x0000000008001fb8                _etext = .

.vfp11_veneer   0x0000000008001fb8        0x0
 .vfp11_veneer  0x0000000008001fb8        0x0 linker stubs

.v4_bx          0x0000000008001fb8        0x0
 .v4_bx         0x0000000008001fb8        0x0 linker stubs

.iplt           0x0000000008001fb8        0x0
 .iplt          0x0000000008001fb8        0x0 /home/daan/.config/Code/User/globalStorage/bmd.stm32-for-vscode/@xpack-dev-tools/arm-none-eabi-gcc/10.2.1-1.1.2/.content/bin/../lib/gcc/arm-none-eabi/10.2.1/thumb/v7-m/nofp/crtbegin.o

.rodata         0x0000000008001fb8       0x28
                0x0000000008001fb8                . = ALIGN (0x4)
 *(.rodata)
 *(.rodata*)
 .rodata.AHBPrescTable
                0x0000000008001fb8       0x10 build/system_stm32f1xx.o
                0x0000000008001fb8                AHBPrescTable
 .rodata.HAL_RCC_GetSysClockFreq.str1.4
                0x0000000008001fc8       0x11 build/stm32f1xx_hal_rcc.o
 *fill*         0x0000000008001fd9        0x3 
 .rodata._global_impure_ptr
                0x0000000008001fdc        0x4 /home/daan/.config/Code/User/globalStorage/bmd.stm32-for-vscode/@xpack-dev-tools/arm-none-eabi-gcc/10.2.1-1.1.2/.content/bin/../lib/gcc/arm-none-eabi/10.2.1/../../../../arm-none-eabi/lib/thumb/v7-m/nofp/libc.a(lib_a-impure.o)
                0x0000000008001fdc                _global_impure_ptr
                0x0000000008001fe0                . = ALIGN (0x4)

.ARM.extab      0x0000000008001fe0        0xc
 *(.ARM.extab* .gnu.linkonce.armextab.*)
 .ARM.extab.text.abort
                0x0000000008001fe0        0xc /home/daan/.config/Code/User/globalStorage/bmd.stm32-for-vscode/@xpack-dev-tools/arm-none-eabi-gcc/10.2.1-1.1.2/.content/bin/../lib/gcc/arm-none-eabi/10.2.1/../../../../arm-none-eabi/lib/thumb/v7-m/nofp/libc.a(lib_a-abort.o)

.ARM            0x0000000008001fec       0xc8
                0x0000000008001fec                __exidx_start = .
 *(.ARM.exidx*)
 .ARM.exidx.text.__libc_init_array
                0x0000000008001fec        0x8 /home/daan/.config/Code/User/globalStorage/bmd.stm32-for-vscode/@xpack-dev-tools/arm-none-eabi-gcc/10.2.1-1.1.2/.content/bin/../lib/gcc/arm-none-eabi/10.2.1/../../../../arm-none-eabi/lib/thumb/v7-m/nofp/libc.a(lib_a-init.o)
 .ARM.exidx.text.memset
                0x0000000008001ff4        0x8 /home/daan/.config/Code/User/globalStorage/bmd.stm32-for-vscode/@xpack-dev-tools/arm-none-eabi-gcc/10.2.1-1.1.2/.content/bin/../lib/gcc/arm-none-eabi/10.2.1/../../../../arm-none-eabi/lib/thumb/v7-m/nofp/libc.a(lib_a-memset.o)
 .ARM.exidx.text.startup.register_fini
                0x0000000008001ffc        0x0 /home/daan/.config/Code/User/globalStorage/bmd.stm32-for-vscode/@xpack-dev-tools/arm-none-eabi-gcc/10.2.1-1.1.2/.content/bin/../lib/gcc/arm-none-eabi/10.2.1/../../../../arm-none-eabi/lib/thumb/v7-m/nofp/libc.a(lib_a-__call_atexit.o)
                                          0x8 (size before relaxing)
 .ARM.exidx.text.__libc_fini_array
                0x0000000008001ffc        0x8 /home/daan/.config/Code/User/globalStorage/bmd.stm32-for-vscode/@xpack-dev-tools/arm-none-eabi-gcc/10.2.1-1.1.2/.content/bin/../lib/gcc/arm-none-eabi/10.2.1/../../../../arm-none-eabi/lib/thumb/v7-m/nofp/libc.a(lib_a-fini.o)
 .ARM.exidx.text.__retarget_lock_acquire_recursive
                0x0000000008002004        0x8 /home/daan/.config/Code/User/globalStorage/bmd.stm32-for-vscode/@xpack-dev-tools/arm-none-eabi-gcc/10.2.1-1.1.2/.content/bin/../lib/gcc/arm-none-eabi/10.2.1/../../../../arm-none-eabi/lib/thumb/v7-m/nofp/libc.a(lib_a-lock.o)
 .ARM.exidx.text.__retarget_lock_release_recursive
                0x000000000800200c        0x0 /home/daan/.config/Code/User/globalStorage/bmd.stm32-for-vscode/@xpack-dev-tools/arm-none-eabi-gcc/10.2.1-1.1.2/.content/bin/../lib/gcc/arm-none-eabi/10.2.1/../../../../arm-none-eabi/lib/thumb/v7-m/nofp/libc.a(lib_a-lock.o)
                                          0x8 (size before relaxing)
 .ARM.exidx.text.atexit
                0x000000000800200c        0x0 /home/daan/.config/Code/User/globalStorage/bmd.stm32-for-vscode/@xpack-dev-tools/arm-none-eabi-gcc/10.2.1-1.1.2/.content/bin/../lib/gcc/arm-none-eabi/10.2.1/../../../../arm-none-eabi/lib/thumb/v7-m/nofp/libc.a(lib_a-atexit.o)
                                          0x8 (size before relaxing)
 .ARM.exidx.text.__register_exitproc
                0x000000000800200c        0x8 /home/daan/.config/Code/User/globalStorage/bmd.stm32-for-vscode/@xpack-dev-tools/arm-none-eabi-gcc/10.2.1-1.1.2/.content/bin/../lib/gcc/arm-none-eabi/10.2.1/../../../../arm-none-eabi/lib/thumb/v7-m/nofp/libc.a(lib_a-__atexit.o)
 .ARM.exidx.text._exit
                0x0000000008002014        0x8 /home/daan/.config/Code/User/globalStorage/bmd.stm32-for-vscode/@xpack-dev-tools/arm-none-eabi-gcc/10.2.1-1.1.2/.content/bin/../lib/gcc/arm-none-eabi/10.2.1/../../../../arm-none-eabi/lib/thumb/v7-m/nofp/libnosys.a(_exit.o)
 .ARM.exidx.text.selfrel_offset31
                0x000000000800201c        0x0 /home/daan/.config/Code/User/globalStorage/bmd.stm32-for-vscode/@xpack-dev-tools/arm-none-eabi-gcc/10.2.1-1.1.2/.content/bin/../lib/gcc/arm-none-eabi/10.2.1/thumb/v7-m/nofp/libgcc.a(unwind-arm.o)
                                          0x8 (size before relaxing)
 .ARM.exidx.text.search_EIT_table
                0x000000000800201c        0x0 /home/daan/.config/Code/User/globalStorage/bmd.stm32-for-vscode/@xpack-dev-tools/arm-none-eabi-gcc/10.2.1-1.1.2/.content/bin/../lib/gcc/arm-none-eabi/10.2.1/thumb/v7-m/nofp/libgcc.a(unwind-arm.o)
                                          0x8 (size before relaxing)
 .ARM.exidx.text.__gnu_unwind_get_pr_addr
                0x000000000800201c        0x0 /home/daan/.config/Code/User/globalStorage/bmd.stm32-for-vscode/@xpack-dev-tools/arm-none-eabi-gcc/10.2.1-1.1.2/.content/bin/../lib/gcc/arm-none-eabi/10.2.1/thumb/v7-m/nofp/libgcc.a(unwind-arm.o)
                                          0x8 (size before relaxing)
 .ARM.exidx.text.get_eit_entry
                0x000000000800201c        0x8 /home/daan/.config/Code/User/globalStorage/bmd.stm32-for-vscode/@xpack-dev-tools/arm-none-eabi-gcc/10.2.1-1.1.2/.content/bin/../lib/gcc/arm-none-eabi/10.2.1/thumb/v7-m/nofp/libgcc.a(unwind-arm.o)
 .ARM.exidx.text.restore_non_core_regs
                0x0000000008002024        0x8 /home/daan/.config/Code/User/globalStorage/bmd.stm32-for-vscode/@xpack-dev-tools/arm-none-eabi-gcc/10.2.1-1.1.2/.content/bin/../lib/gcc/arm-none-eabi/10.2.1/thumb/v7-m/nofp/libgcc.a(unwind-arm.o)
 .ARM.exidx.text._Unwind_decode_typeinfo_ptr.constprop.0
                0x000000000800202c        0x8 /home/daan/.config/Code/User/globalStorage/bmd.stm32-for-vscode/@xpack-dev-tools/arm-none-eabi-gcc/10.2.1-1.1.2/.content/bin/../lib/gcc/arm-none-eabi/10.2.1/thumb/v7-m/nofp/libgcc.a(unwind-arm.o)
 .ARM.exidx.text._Unwind_DebugHook
                0x0000000008002034        0x0 /home/daan/.config/Code/User/globalStorage/bmd.stm32-for-vscode/@xpack-dev-tools/arm-none-eabi-gcc/10.2.1-1.1.2/.content/bin/../lib/gcc/arm-none-eabi/10.2.1/thumb/v7-m/nofp/libgcc.a(unwind-arm.o)
                                          0x8 (size before relaxing)
 .ARM.exidx.text.unwind_phase2
                0x0000000008002034        0x8 /home/daan/.config/Code/User/globalStorage/bmd.stm32-for-vscode/@xpack-dev-tools/arm-none-eabi-gcc/10.2.1-1.1.2/.content/bin/../lib/gcc/arm-none-eabi/10.2.1/thumb/v7-m/nofp/libgcc.a(unwind-arm.o)
 .ARM.exidx.text.unwind_phase2_forced
                0x000000000800203c        0x8 /home/daan/.config/Code/User/globalStorage/bmd.stm32-for-vscode/@xpack-dev-tools/arm-none-eabi-gcc/10.2.1-1.1.2/.content/bin/../lib/gcc/arm-none-eabi/10.2.1/thumb/v7-m/nofp/libgcc.a(unwind-arm.o)
 .ARM.exidx.text.__gnu_Unwind_RaiseException
                0x0000000008002044        0x8 /home/daan/.config/Code/User/globalStorage/bmd.stm32-for-vscode/@xpack-dev-tools/arm-none-eabi-gcc/10.2.1-1.1.2/.content/bin/../lib/gcc/arm-none-eabi/10.2.1/thumb/v7-m/nofp/libgcc.a(unwind-arm.o)
 .ARM.exidx.text.__gnu_Unwind_ForcedUnwind
                0x000000000800204c        0x8 /home/daan/.config/Code/User/globalStorage/bmd.stm32-for-vscode/@xpack-dev-tools/arm-none-eabi-gcc/10.2.1-1.1.2/.content/bin/../lib/gcc/arm-none-eabi/10.2.1/thumb/v7-m/nofp/libgcc.a(unwind-arm.o)
 .ARM.exidx.text.__gnu_Unwind_Resume
                0x0000000008002054        0x8 /home/daan/.config/Code/User/globalStorage/bmd.stm32-for-vscode/@xpack-dev-tools/arm-none-eabi-gcc/10.2.1-1.1.2/.content/bin/../lib/gcc/arm-none-eabi/10.2.1/thumb/v7-m/nofp/libgcc.a(unwind-arm.o)
 .ARM.exidx.text.__gnu_Unwind_Resume_or_Rethrow
                0x000000000800205c        0x8 /home/daan/.config/Code/User/globalStorage/bmd.stm32-for-vscode/@xpack-dev-tools/arm-none-eabi-gcc/10.2.1-1.1.2/.content/bin/../lib/gcc/arm-none-eabi/10.2.1/thumb/v7-m/nofp/libgcc.a(unwind-arm.o)
 .ARM.exidx.text._Unwind_VRS_Get
                0x0000000008002064        0x0 /home/daan/.config/Code/User/globalStorage/bmd.stm32-for-vscode/@xpack-dev-tools/arm-none-eabi-gcc/10.2.1-1.1.2/.content/bin/../lib/gcc/arm-none-eabi/10.2.1/thumb/v7-m/nofp/libgcc.a(unwind-arm.o)
                                          0x8 (size before relaxing)
 .ARM.exidx.text._Unwind_GetGR
                0x0000000008002064        0x0 /home/daan/.config/Code/User/globalStorage/bmd.stm32-for-vscode/@xpack-dev-tools/arm-none-eabi-gcc/10.2.1-1.1.2/.content/bin/../lib/gcc/arm-none-eabi/10.2.1/thumb/v7-m/nofp/libgcc.a(unwind-arm.o)
                                          0x8 (size before relaxing)
 .ARM.exidx.text._Unwind_VRS_Set
                0x0000000008002064        0x0 /home/daan/.config/Code/User/globalStorage/bmd.stm32-for-vscode/@xpack-dev-tools/arm-none-eabi-gcc/10.2.1-1.1.2/.content/bin/../lib/gcc/arm-none-eabi/10.2.1/thumb/v7-m/nofp/libgcc.a(unwind-arm.o)
                                          0x8 (size before relaxing)
 .ARM.exidx.text._Unwind_SetGR
                0x0000000008002064        0x0 /home/daan/.config/Code/User/globalStorage/bmd.stm32-for-vscode/@xpack-dev-tools/arm-none-eabi-gcc/10.2.1-1.1.2/.content/bin/../lib/gcc/arm-none-eabi/10.2.1/thumb/v7-m/nofp/libgcc.a(unwind-arm.o)
                                          0x8 (size before relaxing)
 .ARM.exidx.text.__gnu_Unwind_Backtrace
                0x0000000008002064        0x8 /home/daan/.config/Code/User/globalStorage/bmd.stm32-for-vscode/@xpack-dev-tools/arm-none-eabi-gcc/10.2.1-1.1.2/.content/bin/../lib/gcc/arm-none-eabi/10.2.1/thumb/v7-m/nofp/libgcc.a(unwind-arm.o)
 .ARM.exidx.text.__gnu_unwind_pr_common
                0x000000000800206c        0x8 /home/daan/.config/Code/User/globalStorage/bmd.stm32-for-vscode/@xpack-dev-tools/arm-none-eabi-gcc/10.2.1-1.1.2/.content/bin/../lib/gcc/arm-none-eabi/10.2.1/thumb/v7-m/nofp/libgcc.a(unwind-arm.o)
 .ARM.exidx.text.__aeabi_unwind_cpp_pr0
                0x0000000008002074        0x8 /home/daan/.config/Code/User/globalStorage/bmd.stm32-for-vscode/@xpack-dev-tools/arm-none-eabi-gcc/10.2.1-1.1.2/.content/bin/../lib/gcc/arm-none-eabi/10.2.1/thumb/v7-m/nofp/libgcc.a(unwind-arm.o)
 .ARM.exidx.text.__aeabi_unwind_cpp_pr1
                0x000000000800207c        0x0 /home/daan/.config/Code/User/globalStorage/bmd.stm32-for-vscode/@xpack-dev-tools/arm-none-eabi-gcc/10.2.1-1.1.2/.content/bin/../lib/gcc/arm-none-eabi/10.2.1/thumb/v7-m/nofp/libgcc.a(unwind-arm.o)
                                          0x8 (size before relaxing)
 .ARM.exidx.text.__aeabi_unwind_cpp_pr2
                0x000000000800207c        0x0 /home/daan/.config/Code/User/globalStorage/bmd.stm32-for-vscode/@xpack-dev-tools/arm-none-eabi-gcc/10.2.1-1.1.2/.content/bin/../lib/gcc/arm-none-eabi/10.2.1/thumb/v7-m/nofp/libgcc.a(unwind-arm.o)
                                          0x8 (size before relaxing)
 .ARM.exidx.text._Unwind_VRS_Pop
                0x000000000800207c        0x8 /home/daan/.config/Code/User/globalStorage/bmd.stm32-for-vscode/@xpack-dev-tools/arm-none-eabi-gcc/10.2.1-1.1.2/.content/bin/../lib/gcc/arm-none-eabi/10.2.1/thumb/v7-m/nofp/libgcc.a(unwind-arm.o)
 .ARM.exidx.text.next_unwind_byte
                0x0000000008002084        0x8 /home/daan/.config/Code/User/globalStorage/bmd.stm32-for-vscode/@xpack-dev-tools/arm-none-eabi-gcc/10.2.1-1.1.2/.content/bin/../lib/gcc/arm-none-eabi/10.2.1/thumb/v7-m/nofp/libgcc.a(pr-support.o)
 .ARM.exidx.text.__gnu_unwind_execute
                0x000000000800208c        0x8 /home/daan/.config/Code/User/globalStorage/bmd.stm32-for-vscode/@xpack-dev-tools/arm-none-eabi-gcc/10.2.1-1.1.2/.content/bin/../lib/gcc/arm-none-eabi/10.2.1/thumb/v7-m/nofp/libgcc.a(pr-support.o)
 .ARM.exidx.text.abort
                0x0000000008002094        0x8 /home/daan/.config/Code/User/globalStorage/bmd.stm32-for-vscode/@xpack-dev-tools/arm-none-eabi-gcc/10.2.1-1.1.2/.content/bin/../lib/gcc/arm-none-eabi/10.2.1/../../../../arm-none-eabi/lib/thumb/v7-m/nofp/libc.a(lib_a-abort.o)
 .ARM.exidx.text.raise
                0x000000000800209c        0x8 /home/daan/.config/Code/User/globalStorage/bmd.stm32-for-vscode/@xpack-dev-tools/arm-none-eabi-gcc/10.2.1-1.1.2/.content/bin/../lib/gcc/arm-none-eabi/10.2.1/../../../../arm-none-eabi/lib/thumb/v7-m/nofp/libc.a(lib_a-signal.o)
 .ARM.exidx.text._kill_r
                0x00000000080020a4        0x8 /home/daan/.config/Code/User/globalStorage/bmd.stm32-for-vscode/@xpack-dev-tools/arm-none-eabi-gcc/10.2.1-1.1.2/.content/bin/../lib/gcc/arm-none-eabi/10.2.1/../../../../arm-none-eabi/lib/thumb/v7-m/nofp/libc.a(lib_a-signalr.o)
 .ARM.exidx.text._getpid_r
                0x00000000080020ac        0x8 /home/daan/.config/Code/User/globalStorage/bmd.stm32-for-vscode/@xpack-dev-tools/arm-none-eabi-gcc/10.2.1-1.1.2/.content/bin/../lib/gcc/arm-none-eabi/10.2.1/../../../../arm-none-eabi/lib/thumb/v7-m/nofp/libc.a(lib_a-signalr.o)
 .ARM.exidx.text._getpid
                0x00000000080020b4        0x0 /home/daan/.config/Code/User/globalStorage/bmd.stm32-for-vscode/@xpack-dev-tools/arm-none-eabi-gcc/10.2.1-1.1.2/.content/bin/../lib/gcc/arm-none-eabi/10.2.1/../../../../arm-none-eabi/lib/thumb/v7-m/nofp/libnosys.a(getpid.o)
                                          0x8 (size before relaxing)
 .ARM.exidx.text._kill
                0x00000000080020b4        0x0 /home/daan/.config/Code/User/globalStorage/bmd.stm32-for-vscode/@xpack-dev-tools/arm-none-eabi-gcc/10.2.1-1.1.2/.content/bin/../lib/gcc/arm-none-eabi/10.2.1/../../../../arm-none-eabi/lib/thumb/v7-m/nofp/libnosys.a(kill.o)
                                          0x8 (size before relaxing)
                0x00000000080020b4                __exidx_end = .

.rel.dyn        0x00000000080020b4        0x0
 .rel.iplt      0x00000000080020b4        0x0 /home/daan/.config/Code/User/globalStorage/bmd.stm32-for-vscode/@xpack-dev-tools/arm-none-eabi-gcc/10.2.1-1.1.2/.content/bin/../lib/gcc/arm-none-eabi/10.2.1/thumb/v7-m/nofp/crtbegin.o

.preinit_array  0x00000000080020b4        0x0
                0x00000000080020b4                PROVIDE (__preinit_array_start = .)
 *(.preinit_array*)
                0x00000000080020b4                PROVIDE (__preinit_array_end = .)

.init_array     0x00000000080020b4        0x8
                0x00000000080020b4                PROVIDE (__init_array_start = .)
 *(SORT_BY_NAME(.init_array.*))
 .init_array.00000
                0x00000000080020b4        0x4 /home/daan/.config/Code/User/globalStorage/bmd.stm32-for-vscode/@xpack-dev-tools/arm-none-eabi-gcc/10.2.1-1.1.2/.content/bin/../lib/gcc/arm-none-eabi/10.2.1/../../../../arm-none-eabi/lib/thumb/v7-m/nofp/libc.a(lib_a-__call_atexit.o)
 *(.init_array*)
 .init_array    0x00000000080020b8        0x4 /home/daan/.config/Code/User/globalStorage/bmd.stm32-for-vscode/@xpack-dev-tools/arm-none-eabi-gcc/10.2.1-1.1.2/.content/bin/../lib/gcc/arm-none-eabi/10.2.1/thumb/v7-m/nofp/crtbegin.o
                0x00000000080020bc                PROVIDE (__init_array_end = .)

.fini_array     0x00000000080020bc        0x4
                0x00000000080020bc                PROVIDE (__fini_array_start = .)
 *(SORT_BY_NAME(.fini_array.*))
 *(.fini_array*)
 .fini_array    0x00000000080020bc        0x4 /home/daan/.config/Code/User/globalStorage/bmd.stm32-for-vscode/@xpack-dev-tools/arm-none-eabi-gcc/10.2.1-1.1.2/.content/bin/../lib/gcc/arm-none-eabi/10.2.1/thumb/v7-m/nofp/crtbegin.o
                0x00000000080020c0                PROVIDE (__fini_array_end = .)
                0x00000000080020c0                _sidata = LOADADDR (.data)

.data           0x0000000020000000      0x43c load address 0x00000000080020c0
                0x0000000020000000                . = ALIGN (0x4)
                0x0000000020000000                _sdata = .
 *(.data)
 *(.data*)
 .data.SystemCoreClock
                0x0000000020000000        0x4 build/system_stm32f1xx.o
                0x0000000020000000                SystemCoreClock
 .data.uwTickFreq
                0x0000000020000004        0x1 build/stm32f1xx_hal.o
                0x0000000020000004                uwTickFreq
 *fill*         0x0000000020000005        0x3 
 .data.uwTickPrio
                0x0000000020000008        0x4 build/stm32f1xx_hal.o
                0x0000000020000008                uwTickPrio
 .data._impure_ptr
                0x000000002000000c        0x4 /home/daan/.config/Code/User/globalStorage/bmd.stm32-for-vscode/@xpack-dev-tools/arm-none-eabi-gcc/10.2.1-1.1.2/.content/bin/../lib/gcc/arm-none-eabi/10.2.1/../../../../arm-none-eabi/lib/thumb/v7-m/nofp/libc.a(lib_a-impure.o)
                0x000000002000000c                _impure_ptr
 .data.impure_data
                0x0000000020000010      0x428 /home/daan/.config/Code/User/globalStorage/bmd.stm32-for-vscode/@xpack-dev-tools/arm-none-eabi-gcc/10.2.1-1.1.2/.content/bin/../lib/gcc/arm-none-eabi/10.2.1/../../../../arm-none-eabi/lib/thumb/v7-m/nofp/libc.a(lib_a-impure.o)
 .data.__atexit_recursive_mutex
                0x0000000020000438        0x4 /home/daan/.config/Code/User/globalStorage/bmd.stm32-for-vscode/@xpack-dev-tools/arm-none-eabi-gcc/10.2.1-1.1.2/.content/bin/../lib/gcc/arm-none-eabi/10.2.1/../../../../arm-none-eabi/lib/thumb/v7-m/nofp/libc.a(lib_a-__call_atexit.o)
                0x0000000020000438                __atexit_recursive_mutex
                0x000000002000043c                . = ALIGN (0x4)
                0x000000002000043c                _edata = .

.igot.plt       0x000000002000043c        0x0 load address 0x00000000080024fc
 .igot.plt      0x000000002000043c        0x0 /home/daan/.config/Code/User/globalStorage/bmd.stm32-for-vscode/@xpack-dev-tools/arm-none-eabi-gcc/10.2.1-1.1.2/.content/bin/../lib/gcc/arm-none-eabi/10.2.1/thumb/v7-m/nofp/crtbegin.o
                0x000000002000043c                . = ALIGN (0x4)

.bss            0x000000002000043c       0x28 load address 0x00000000080024fc
                0x000000002000043c                _sbss = .
                0x000000002000043c                __bss_start__ = _sbss
 *(.bss)
 *(.bss*)
 .bss.completed.1
                0x000000002000043c        0x1 /home/daan/.config/Code/User/globalStorage/bmd.stm32-for-vscode/@xpack-dev-tools/arm-none-eabi-gcc/10.2.1-1.1.2/.content/bin/../lib/gcc/arm-none-eabi/10.2.1/thumb/v7-m/nofp/crtbegin.o
 *fill*         0x000000002000043d        0x3 
 .bss.object.0  0x0000000020000440       0x18 /home/daan/.config/Code/User/globalStorage/bmd.stm32-for-vscode/@xpack-dev-tools/arm-none-eabi-gcc/10.2.1-1.1.2/.content/bin/../lib/gcc/arm-none-eabi/10.2.1/thumb/v7-m/nofp/crtbegin.o
 .bss.uwTick    0x0000000020000458        0x4 build/stm32f1xx_hal.o
                0x0000000020000458                uwTick
 .bss.__lock___atexit_recursive_mutex
                0x000000002000045c        0x1 /home/daan/.config/Code/User/globalStorage/bmd.stm32-for-vscode/@xpack-dev-tools/arm-none-eabi-gcc/10.2.1-1.1.2/.content/bin/../lib/gcc/arm-none-eabi/10.2.1/../../../../arm-none-eabi/lib/thumb/v7-m/nofp/libc.a(lib_a-lock.o)
                0x000000002000045c                __lock___atexit_recursive_mutex
 *fill*         0x000000002000045d        0x3 
 .bss.errno     0x0000000020000460        0x4 /home/daan/.config/Code/User/globalStorage/bmd.stm32-for-vscode/@xpack-dev-tools/arm-none-eabi-gcc/10.2.1-1.1.2/.content/bin/../lib/gcc/arm-none-eabi/10.2.1/../../../../arm-none-eabi/lib/thumb/v7-m/nofp/libc.a(lib_a-reent.o)
                0x0000000020000460                errno
 *(COMMON)
                0x0000000020000464                . = ALIGN (0x4)
                0x0000000020000464                _ebss = .
                0x0000000020000464                __bss_end__ = _ebss

._user_heap_stack
                0x0000000020000464      0x604 load address 0x00000000080024fc
                0x0000000020000468                . = ALIGN (0x8)
 *fill*         0x0000000020000464        0x4 
                0x0000000020000468                PROVIDE (end = .)
                [!provide]                        PROVIDE (_end = .)
                0x0000000020000668                . = (. + _Min_Heap_Size)
 *fill*         0x0000000020000468      0x200 
                0x0000000020000a68                . = (. + _Min_Stack_Size)
 *fill*         0x0000000020000668      0x400 
                0x0000000020000a68                . = ALIGN (0x8)

/DISCARD/
 libc.a(*)
 libm.a(*)
 libgcc.a(*)

.ARM.attributes
                0x0000000000000000       0x29
 *(.ARM.attributes)
 .ARM.attributes
                0x0000000000000000       0x1d /home/daan/.config/Code/User/globalStorage/bmd.stm32-for-vscode/@xpack-dev-tools/arm-none-eabi-gcc/10.2.1-1.1.2/.content/bin/../lib/gcc/arm-none-eabi/10.2.1/thumb/v7-m/nofp/crti.o
 .ARM.attributes
                0x000000000000001d       0x2d /home/daan/.config/Code/User/globalStorage/bmd.stm32-for-vscode/@xpack-dev-tools/arm-none-eabi-gcc/10.2.1-1.1.2/.content/bin/../lib/gcc/arm-none-eabi/10.2.1/thumb/v7-m/nofp/crtbegin.o
 .ARM.attributes
                0x000000000000004a       0x2d build/main.o
 .ARM.attributes
                0x0000000000000077       0x2d build/stm32f1xx_hal_msp.o
 .ARM.attributes
                0x00000000000000a4       0x2d build/stm32f1xx_it.o
 .ARM.attributes
                0x00000000000000d1       0x2d build/system_stm32f1xx.o
 .ARM.attributes
                0x00000000000000fe       0x2d build/stm32f1xx_hal.o
 .ARM.attributes
                0x000000000000012b       0x2d build/stm32f1xx_hal_cortex.o
 .ARM.attributes
                0x0000000000000158       0x2d build/stm32f1xx_hal_gpio.o
 .ARM.attributes
                0x0000000000000185       0x2d build/stm32f1xx_hal_rcc.o
 .ARM.attributes
                0x00000000000001b2       0x21 build/startup_stm32f103xb.o
 .ARM.attributes
                0x00000000000001d3       0x2d /home/daan/.config/Code/User/globalStorage/bmd.stm32-for-vscode/@xpack-dev-tools/arm-none-eabi-gcc/10.2.1-1.1.2/.content/bin/../lib/gcc/arm-none-eabi/10.2.1/../../../../arm-none-eabi/lib/thumb/v7-m/nofp/libc.a(lib_a-impure.o)
 .ARM.attributes
                0x0000000000000200       0x2d /home/daan/.config/Code/User/globalStorage/bmd.stm32-for-vscode/@xpack-dev-tools/arm-none-eabi-gcc/10.2.1-1.1.2/.content/bin/../lib/gcc/arm-none-eabi/10.2.1/../../../../arm-none-eabi/lib/thumb/v7-m/nofp/libc.a(lib_a-init.o)
 .ARM.attributes
                0x000000000000022d       0x2d /home/daan/.config/Code/User/globalStorage/bmd.stm32-for-vscode/@xpack-dev-tools/arm-none-eabi-gcc/10.2.1-1.1.2/.content/bin/../lib/gcc/arm-none-eabi/10.2.1/../../../../arm-none-eabi/lib/thumb/v7-m/nofp/libc.a(lib_a-memset.o)
 .ARM.attributes
                0x000000000000025a       0x2d /home/daan/.config/Code/User/globalStorage/bmd.stm32-for-vscode/@xpack-dev-tools/arm-none-eabi-gcc/10.2.1-1.1.2/.content/bin/../lib/gcc/arm-none-eabi/10.2.1/../../../../arm-none-eabi/lib/thumb/v7-m/nofp/libc.a(lib_a-__call_atexit.o)
 .ARM.attributes
                0x0000000000000287       0x2d /home/daan/.config/Code/User/globalStorage/bmd.stm32-for-vscode/@xpack-dev-tools/arm-none-eabi-gcc/10.2.1-1.1.2/.content/bin/../lib/gcc/arm-none-eabi/10.2.1/../../../../arm-none-eabi/lib/thumb/v7-m/nofp/libc.a(lib_a-fini.o)
 .ARM.attributes
                0x00000000000002b4       0x2d /home/daan/.config/Code/User/globalStorage/bmd.stm32-for-vscode/@xpack-dev-tools/arm-none-eabi-gcc/10.2.1-1.1.2/.content/bin/../lib/gcc/arm-none-eabi/10.2.1/../../../../arm-none-eabi/lib/thumb/v7-m/nofp/libc.a(lib_a-lock.o)
 .ARM.attributes
                0x00000000000002e1       0x2d /home/daan/.config/Code/User/globalStorage/bmd.stm32-for-vscode/@xpack-dev-tools/arm-none-eabi-gcc/10.2.1-1.1.2/.content/bin/../lib/gcc/arm-none-eabi/10.2.1/../../../../arm-none-eabi/lib/thumb/v7-m/nofp/libc.a(lib_a-atexit.o)
 .ARM.attributes
                0x000000000000030e       0x2d /home/daan/.config/Code/User/globalStorage/bmd.stm32-for-vscode/@xpack-dev-tools/arm-none-eabi-gcc/10.2.1-1.1.2/.content/bin/../lib/gcc/arm-none-eabi/10.2.1/../../../../arm-none-eabi/lib/thumb/v7-m/nofp/libc.a(lib_a-__atexit.o)
 .ARM.attributes
                0x000000000000033b       0x2d /home/daan/.config/Code/User/globalStorage/bmd.stm32-for-vscode/@xpack-dev-tools/arm-none-eabi-gcc/10.2.1-1.1.2/.content/bin/../lib/gcc/arm-none-eabi/10.2.1/../../../../arm-none-eabi/lib/thumb/v7-m/nofp/libnosys.a(_exit.o)
 .ARM.attributes
                0x0000000000000368       0x2d /home/daan/.config/Code/User/globalStorage/bmd.stm32-for-vscode/@xpack-dev-tools/arm-none-eabi-gcc/10.2.1-1.1.2/.content/bin/../lib/gcc/arm-none-eabi/10.2.1/thumb/v7-m/nofp/libgcc.a(unwind-arm.o)
 .ARM.attributes
                0x0000000000000395       0x1d /home/daan/.config/Code/User/globalStorage/bmd.stm32-for-vscode/@xpack-dev-tools/arm-none-eabi-gcc/10.2.1-1.1.2/.content/bin/../lib/gcc/arm-none-eabi/10.2.1/thumb/v7-m/nofp/libgcc.a(libunwind.o)
 .ARM.attributes
                0x00000000000003b2       0x2d /home/daan/.config/Code/User/globalStorage/bmd.stm32-for-vscode/@xpack-dev-tools/arm-none-eabi-gcc/10.2.1-1.1.2/.content/bin/../lib/gcc/arm-none-eabi/10.2.1/thumb/v7-m/nofp/libgcc.a(pr-support.o)
 .ARM.attributes
                0x00000000000003df       0x2d /home/daan/.config/Code/User/globalStorage/bmd.stm32-for-vscode/@xpack-dev-tools/arm-none-eabi-gcc/10.2.1-1.1.2/.content/bin/../lib/gcc/arm-none-eabi/10.2.1/../../../../arm-none-eabi/lib/thumb/v7-m/nofp/libc.a(lib_a-abort.o)
 .ARM.attributes
                0x000000000000040c       0x1b /home/daan/.config/Code/User/globalStorage/bmd.stm32-for-vscode/@xpack-dev-tools/arm-none-eabi-gcc/10.2.1-1.1.2/.content/bin/../lib/gcc/arm-none-eabi/10.2.1/../../../../arm-none-eabi/lib/thumb/v7-m/nofp/libc.a(lib_a-memcpy.o)
 .ARM.attributes
                0x0000000000000427       0x2d /home/daan/.config/Code/User/globalStorage/bmd.stm32-for-vscode/@xpack-dev-tools/arm-none-eabi-gcc/10.2.1-1.1.2/.content/bin/../lib/gcc/arm-none-eabi/10.2.1/../../../../arm-none-eabi/lib/thumb/v7-m/nofp/libc.a(lib_a-signal.o)
 .ARM.attributes
                0x0000000000000454       0x2d /home/daan/.config/Code/User/globalStorage/bmd.stm32-for-vscode/@xpack-dev-tools/arm-none-eabi-gcc/10.2.1-1.1.2/.content/bin/../lib/gcc/arm-none-eabi/10.2.1/../../../../arm-none-eabi/lib/thumb/v7-m/nofp/libc.a(lib_a-signalr.o)
 .ARM.attributes
                0x0000000000000481       0x2d /home/daan/.config/Code/User/globalStorage/bmd.stm32-for-vscode/@xpack-dev-tools/arm-none-eabi-gcc/10.2.1-1.1.2/.content/bin/../lib/gcc/arm-none-eabi/10.2.1/../../../../arm-none-eabi/lib/thumb/v7-m/nofp/libc.a(lib_a-reent.o)
 .ARM.attributes
                0x00000000000004ae       0x2d /home/daan/.config/Code/User/globalStorage/bmd.stm32-for-vscode/@xpack-dev-tools/arm-none-eabi-gcc/10.2.1-1.1.2/.content/bin/../lib/gcc/arm-none-eabi/10.2.1/../../../../arm-none-eabi/lib/thumb/v7-m/nofp/libnosys.a(getpid.o)
 .ARM.attributes
                0x00000000000004db       0x2d /home/daan/.config/Code/User/globalStorage/bmd.stm32-for-vscode/@xpack-dev-tools/arm-none-eabi-gcc/10.2.1-1.1.2/.content/bin/../lib/gcc/arm-none-eabi/10.2.1/../../../../arm-none-eabi/lib/thumb/v7-m/nofp/libnosys.a(kill.o)
 .ARM.attributes
                0x0000000000000508       0x1d /home/daan/.config/Code/User/globalStorage/bmd.stm32-for-vscode/@xpack-dev-tools/arm-none-eabi-gcc/10.2.1-1.1.2/.content/bin/../lib/gcc/arm-none-eabi/10.2.1/thumb/v7-m/nofp/crtn.o
OUTPUT(build/button_test.elf elf32-littlearm)
LOAD linker stubs
LOAD /home/daan/.config/Code/User/globalStorage/bmd.stm32-for-vscode/@xpack-dev-tools/arm-none-eabi-gcc/10.2.1-1.1.2/.content/bin/../lib/gcc/arm-none-eabi/10.2.1/../../../../arm-none-eabi/lib/thumb/v7-m/nofp/libc.a
LOAD /home/daan/.config/Code/User/globalStorage/bmd.stm32-for-vscode/@xpack-dev-tools/arm-none-eabi-gcc/10.2.1-1.1.2/.content/bin/../lib/gcc/arm-none-eabi/10.2.1/../../../../arm-none-eabi/lib/thumb/v7-m/nofp/libm.a
LOAD /home/daan/.config/Code/User/globalStorage/bmd.stm32-for-vscode/@xpack-dev-tools/arm-none-eabi-gcc/10.2.1-1.1.2/.content/bin/../lib/gcc/arm-none-eabi/10.2.1/thumb/v7-m/nofp/libgcc.a

.debug_info     0x0000000000000000     0x3627
 .debug_info    0x0000000000000000      0x7bf build/main.o
 .debug_info    0x00000000000007bf      0x238 build/stm32f1xx_hal_msp.o
 .debug_info    0x00000000000009f7      0x15b build/stm32f1xx_it.o
 .debug_info    0x0000000000000b52      0x26e build/system_stm32f1xx.o
 .debug_info    0x0000000000000dc0      0x855 build/stm32f1xx_hal.o
 .debug_info    0x0000000000001615      0xe2d build/stm32f1xx_hal_cortex.o
 .debug_info    0x0000000000002442      0x6d7 build/stm32f1xx_hal_gpio.o
 .debug_info    0x0000000000002b19      0xaec build/stm32f1xx_hal_rcc.o
 .debug_info    0x0000000000003605       0x22 build/startup_stm32f103xb.o

.debug_abbrev   0x0000000000000000      0xec5
 .debug_abbrev  0x0000000000000000      0x1ff build/main.o
 .debug_abbrev  0x00000000000001ff       0xe7 build/stm32f1xx_hal_msp.o
 .debug_abbrev  0x00000000000002e6       0x81 build/stm32f1xx_it.o
 .debug_abbrev  0x0000000000000367      0x140 build/system_stm32f1xx.o
 .debug_abbrev  0x00000000000004a7      0x1f7 build/stm32f1xx_hal.o
 .debug_abbrev  0x000000000000069e      0x359 build/stm32f1xx_hal_cortex.o
 .debug_abbrev  0x00000000000009f7      0x222 build/stm32f1xx_hal_gpio.o
 .debug_abbrev  0x0000000000000c19      0x29a build/stm32f1xx_hal_rcc.o
 .debug_abbrev  0x0000000000000eb3       0x12 build/startup_stm32f103xb.o

.debug_loc      0x0000000000000000     0x192d
 .debug_loc     0x0000000000000000      0x12e build/main.o
 .debug_loc     0x000000000000012e       0x41 build/stm32f1xx_hal_msp.o
 .debug_loc     0x000000000000016f       0x20 build/stm32f1xx_it.o
 .debug_loc     0x000000000000018f       0xff build/system_stm32f1xx.o
 .debug_loc     0x000000000000028e      0x1e1 build/stm32f1xx_hal.o
 .debug_loc     0x000000000000046f      0x77f build/stm32f1xx_hal_cortex.o
 .debug_loc     0x0000000000000bee      0x551 build/stm32f1xx_hal_gpio.o
 .debug_loc     0x000000000000113f      0x7ee build/stm32f1xx_hal_rcc.o

.debug_aranges  0x0000000000000000      0x360
 .debug_aranges
                0x0000000000000000       0x38 build/main.o
 .debug_aranges
                0x0000000000000038       0x20 build/stm32f1xx_hal_msp.o
 .debug_aranges
                0x0000000000000058       0x60 build/stm32f1xx_it.o
 .debug_aranges
                0x00000000000000b8       0x28 build/system_stm32f1xx.o
 .debug_aranges
                0x00000000000000e0       0xe0 build/stm32f1xx_hal.o
 .debug_aranges
                0x00000000000001c0       0x90 build/stm32f1xx_hal_cortex.o
 .debug_aranges
                0x0000000000000250       0x58 build/stm32f1xx_hal_gpio.o
 .debug_aranges
                0x00000000000002a8       0x90 build/stm32f1xx_hal_rcc.o
 .debug_aranges
                0x0000000000000338       0x28 build/startup_stm32f103xb.o

.debug_ranges   0x0000000000000000      0x358
 .debug_ranges  0x0000000000000000       0x28 build/main.o
 .debug_ranges  0x0000000000000028       0x10 build/stm32f1xx_hal_msp.o
 .debug_ranges  0x0000000000000038       0x50 build/stm32f1xx_it.o
 .debug_ranges  0x0000000000000088       0x18 build/system_stm32f1xx.o
 .debug_ranges  0x00000000000000a0       0xd0 build/stm32f1xx_hal.o
 .debug_ranges  0x0000000000000170       0xe0 build/stm32f1xx_hal_cortex.o
 .debug_ranges  0x0000000000000250       0x48 build/stm32f1xx_hal_gpio.o
 .debug_ranges  0x0000000000000298       0xa0 build/stm32f1xx_hal_rcc.o
 .debug_ranges  0x0000000000000338       0x20 build/startup_stm32f103xb.o

.debug_line     0x0000000000000000     0x2a26
 .debug_line    0x0000000000000000      0x461 build/main.o
 .debug_line    0x0000000000000461      0x1ed build/stm32f1xx_hal_msp.o
 .debug_line    0x000000000000064e      0x177 build/stm32f1xx_it.o
 .debug_line    0x00000000000007c5      0x2b6 build/system_stm32f1xx.o
 .debug_line    0x0000000000000a7b      0x59e build/stm32f1xx_hal.o
 .debug_line    0x0000000000001019      0x6a9 build/stm32f1xx_hal_cortex.o
 .debug_line    0x00000000000016c2      0x653 build/stm32f1xx_hal_gpio.o
 .debug_line    0x0000000000001d15      0xc9c build/stm32f1xx_hal_rcc.o
 .debug_line    0x00000000000029b1       0x75 build/startup_stm32f103xb.o

.debug_str      0x0000000000000000     0x1256
 .debug_str     0x0000000000000000      0x3f8 build/main.o
                                        0x460 (size before relaxing)
 .debug_str     0x00000000000003f8       0x57 build/stm32f1xx_hal_msp.o
                                        0x1fc (size before relaxing)
 .debug_str     0x000000000000044f       0xb4 build/stm32f1xx_it.o
                                        0x1ff (size before relaxing)
 .debug_str     0x0000000000000503       0x7b build/system_stm32f1xx.o
                                        0x231 (size before relaxing)
 .debug_str     0x000000000000057e      0x5eb build/stm32f1xx_hal.o
                                        0x801 (size before relaxing)
 .debug_str     0x0000000000000b69      0x3c2 build/stm32f1xx_hal_cortex.o
                                        0x8b0 (size before relaxing)
 .debug_str     0x0000000000000f2b      0x116 build/stm32f1xx_hal_gpio.o
                                        0x3dd (size before relaxing)
 .debug_str     0x0000000000001041      0x1f1 build/stm32f1xx_hal_rcc.o
                                        0x608 (size before relaxing)
 .debug_str     0x0000000000001232       0x24 build/startup_stm32f103xb.o
                                         0x50 (size before relaxing)

.comment        0x0000000000000000       0x44
 .comment       0x0000000000000000       0x44 build/main.o
                                         0x45 (size before relaxing)
 .comment       0x0000000000000044       0x45 build/stm32f1xx_hal_msp.o
 .comment       0x0000000000000044       0x45 build/stm32f1xx_it.o
 .comment       0x0000000000000044       0x45 build/system_stm32f1xx.o
 .comment       0x0000000000000044       0x45 build/stm32f1xx_hal.o
 .comment       0x0000000000000044       0x45 build/stm32f1xx_hal_cortex.o
 .comment       0x0000000000000044       0x45 build/stm32f1xx_hal_gpio.o
 .comment       0x0000000000000044       0x45 build/stm32f1xx_hal_rcc.o

.debug_frame    0x0000000000000000      0xed8
 .debug_frame   0x0000000000000000       0x84 build/main.o
 .debug_frame   0x0000000000000084       0x28 build/stm32f1xx_hal_msp.o
 .debug_frame   0x00000000000000ac       0xa8 build/stm32f1xx_it.o
 .debug_frame   0x0000000000000154       0x30 build/system_stm32f1xx.o
 .debug_frame   0x0000000000000184      0x1cc build/stm32f1xx_hal.o
 .debug_frame   0x0000000000000350      0x118 build/stm32f1xx_hal_cortex.o
 .debug_frame   0x0000000000000468       0xe4 build/stm32f1xx_hal_gpio.o
 .debug_frame   0x000000000000054c      0x190 build/stm32f1xx_hal_rcc.o
 .debug_frame   0x00000000000006dc       0x2c /home/daan/.config/Code/User/globalStorage/bmd.stm32-for-vscode/@xpack-dev-tools/arm-none-eabi-gcc/10.2.1-1.1.2/.content/bin/../lib/gcc/arm-none-eabi/10.2.1/../../../../arm-none-eabi/lib/thumb/v7-m/nofp/libc.a(lib_a-init.o)
 .debug_frame   0x0000000000000708       0x2c /home/daan/.config/Code/User/globalStorage/bmd.stm32-for-vscode/@xpack-dev-tools/arm-none-eabi-gcc/10.2.1-1.1.2/.content/bin/../lib/gcc/arm-none-eabi/10.2.1/../../../../arm-none-eabi/lib/thumb/v7-m/nofp/libc.a(lib_a-memset.o)
 .debug_frame   0x0000000000000734       0x5c /home/daan/.config/Code/User/globalStorage/bmd.stm32-for-vscode/@xpack-dev-tools/arm-none-eabi-gcc/10.2.1-1.1.2/.content/bin/../lib/gcc/arm-none-eabi/10.2.1/../../../../arm-none-eabi/lib/thumb/v7-m/nofp/libc.a(lib_a-__call_atexit.o)
 .debug_frame   0x0000000000000790       0x34 /home/daan/.config/Code/User/globalStorage/bmd.stm32-for-vscode/@xpack-dev-tools/arm-none-eabi-gcc/10.2.1-1.1.2/.content/bin/../lib/gcc/arm-none-eabi/10.2.1/../../../../arm-none-eabi/lib/thumb/v7-m/nofp/libc.a(lib_a-fini.o)
 .debug_frame   0x00000000000007c4       0xb0 /home/daan/.config/Code/User/globalStorage/bmd.stm32-for-vscode/@xpack-dev-tools/arm-none-eabi-gcc/10.2.1-1.1.2/.content/bin/../lib/gcc/arm-none-eabi/10.2.1/../../../../arm-none-eabi/lib/thumb/v7-m/nofp/libc.a(lib_a-lock.o)
 .debug_frame   0x0000000000000874       0x20 /home/daan/.config/Code/User/globalStorage/bmd.stm32-for-vscode/@xpack-dev-tools/arm-none-eabi-gcc/10.2.1-1.1.2/.content/bin/../lib/gcc/arm-none-eabi/10.2.1/../../../../arm-none-eabi/lib/thumb/v7-m/nofp/libc.a(lib_a-atexit.o)
 .debug_frame   0x0000000000000894       0x34 /home/daan/.config/Code/User/globalStorage/bmd.stm32-for-vscode/@xpack-dev-tools/arm-none-eabi-gcc/10.2.1-1.1.2/.content/bin/../lib/gcc/arm-none-eabi/10.2.1/../../../../arm-none-eabi/lib/thumb/v7-m/nofp/libc.a(lib_a-__atexit.o)
 .debug_frame   0x00000000000008c8       0x20 /home/daan/.config/Code/User/globalStorage/bmd.stm32-for-vscode/@xpack-dev-tools/arm-none-eabi-gcc/10.2.1-1.1.2/.content/bin/../lib/gcc/arm-none-eabi/10.2.1/../../../../arm-none-eabi/lib/thumb/v7-m/nofp/libnosys.a(_exit.o)
 .debug_frame   0x00000000000008e8      0x2e0 /home/daan/.config/Code/User/globalStorage/bmd.stm32-for-vscode/@xpack-dev-tools/arm-none-eabi-gcc/10.2.1-1.1.2/.content/bin/../lib/gcc/arm-none-eabi/10.2.1/thumb/v7-m/nofp/libgcc.a(unwind-arm.o)
 .debug_frame   0x0000000000000bc8       0xf4 /home/daan/.config/Code/User/globalStorage/bmd.stm32-for-vscode/@xpack-dev-tools/arm-none-eabi-gcc/10.2.1-1.1.2/.content/bin/../lib/gcc/arm-none-eabi/10.2.1/thumb/v7-m/nofp/libgcc.a(pr-support.o)
 .debug_frame   0x0000000000000cbc       0x28 /home/daan/.config/Code/User/globalStorage/bmd.stm32-for-vscode/@xpack-dev-tools/arm-none-eabi-gcc/10.2.1-1.1.2/.content/bin/../lib/gcc/arm-none-eabi/10.2.1/../../../../arm-none-eabi/lib/thumb/v7-m/nofp/libc.a(lib_a-abort.o)
 .debug_frame   0x0000000000000ce4      0x114 /home/daan/.config/Code/User/globalStorage/bmd.stm32-for-vscode/@xpack-dev-tools/arm-none-eabi-gcc/10.2.1-1.1.2/.content/bin/../lib/gcc/arm-none-eabi/10.2.1/../../../../arm-none-eabi/lib/thumb/v7-m/nofp/libc.a(lib_a-signal.o)
 .debug_frame   0x0000000000000df8       0x3c /home/daan/.config/Code/User/globalStorage/bmd.stm32-for-vscode/@xpack-dev-tools/arm-none-eabi-gcc/10.2.1-1.1.2/.content/bin/../lib/gcc/arm-none-eabi/10.2.1/../../../../arm-none-eabi/lib/thumb/v7-m/nofp/libc.a(lib_a-signalr.o)
 .debug_frame   0x0000000000000e34       0x64 /home/daan/.config/Code/User/globalStorage/bmd.stm32-for-vscode/@xpack-dev-tools/arm-none-eabi-gcc/10.2.1-1.1.2/.content/bin/../lib/gcc/arm-none-eabi/10.2.1/../../../../arm-none-eabi/lib/thumb/v7-m/nofp/libc.a(lib_a-reent.o)
 .debug_frame   0x0000000000000e98       0x20 /home/daan/.config/Code/User/globalStorage/bmd.stm32-for-vscode/@xpack-dev-tools/arm-none-eabi-gcc/10.2.1-1.1.2/.content/bin/../lib/gcc/arm-none-eabi/10.2.1/../../../../arm-none-eabi/lib/thumb/v7-m/nofp/libnosys.a(getpid.o)
 .debug_frame   0x0000000000000eb8       0x20 /home/daan/.config/Code/User/globalStorage/bmd.stm32-for-vscode/@xpack-dev-tools/arm-none-eabi-gcc/10.2.1-1.1.2/.content/bin/../lib/gcc/arm-none-eabi/10.2.1/../../../../arm-none-eabi/lib/thumb/v7-m/nofp/libnosys.a(kill.o)

.stab           0x0000000000000000       0x3c
 .stab          0x0000000000000000       0x24 /home/daan/.config/Code/User/globalStorage/bmd.stm32-for-vscode/@xpack-dev-tools/arm-none-eabi-gcc/10.2.1-1.1.2/.content/bin/../lib/gcc/arm-none-eabi/10.2.1/../../../../arm-none-eabi/lib/thumb/v7-m/nofp/libnosys.a(getpid.o)
 .stab          0x0000000000000024       0x18 /home/daan/.config/Code/User/globalStorage/bmd.stm32-for-vscode/@xpack-dev-tools/arm-none-eabi-gcc/10.2.1-1.1.2/.content/bin/../lib/gcc/arm-none-eabi/10.2.1/../../../../arm-none-eabi/lib/thumb/v7-m/nofp/libnosys.a(kill.o)
                                         0x24 (size before relaxing)

.stabstr        0x0000000000000000       0x76
 .stabstr       0x0000000000000000       0x76 /home/daan/.config/Code/User/globalStorage/bmd.stm32-for-vscode/@xpack-dev-tools/arm-none-eabi-gcc/10.2.1-1.1.2/.content/bin/../lib/gcc/arm-none-eabi/10.2.1/../../../../arm-none-eabi/lib/thumb/v7-m/nofp/libnosys.a(getpid.o)

Cross Reference Table

Symbol                                            File
ADC1_2_IRQHandler                                 build/startup_stm32f103xb.o
AHBPrescTable                                     build/system_stm32f1xx.o
                                                  build/stm32f1xx_hal_rcc.o
APBPrescTable                                     build/system_stm32f1xx.o
                                                  build/stm32f1xx_hal_rcc.o
BusFault_Handler                                  build/stm32f1xx_it.o
CAN1_RX1_IRQHandler                               build/startup_stm32f103xb.o
CAN1_SCE_IRQHandler                               build/startup_stm32f103xb.o
DMA1_Channel1_IRQHandler                          build/startup_stm32f103xb.o
DMA1_Channel2_IRQHandler                          build/startup_stm32f103xb.o
DMA1_Channel3_IRQHandler                          build/startup_stm32f103xb.o
DMA1_Channel4_IRQHandler                          build/startup_stm32f103xb.o
DMA1_Channel5_IRQHandler                          build/startup_stm32f103xb.o
DMA1_Channel6_IRQHandler                          build/startup_stm32f103xb.o
DMA1_Channel7_IRQHandler                          build/startup_stm32f103xb.o
DebugMon_Handler                                  build/stm32f1xx_it.o
Default_Handler                                   build/startup_stm32f103xb.o
EXTI0_IRQHandler                                  build/startup_stm32f103xb.o
EXTI15_10_IRQHandler                              build/startup_stm32f103xb.o
EXTI1_IRQHandler                                  build/startup_stm32f103xb.o
EXTI2_IRQHandler                                  build/startup_stm32f103xb.o
EXTI3_IRQHandler                                  build/startup_stm32f103xb.o
EXTI4_IRQHandler                                  build/startup_stm32f103xb.o
EXTI9_5_IRQHandler                                build/startup_stm32f103xb.o
Error_Handler                                     build/main.o
FLASH_IRQHandler                                  build/startup_stm32f103xb.o
FLASH_PageErase                                   build/stm32f1xx_hal_flash_ex.o
                                                  build/stm32f1xx_hal_flash.o
FLASH_WaitForLastOperation                        build/stm32f1xx_hal_flash.o
                                                  build/stm32f1xx_hal_flash_ex.o
HAL_DBGMCU_DisableDBGSleepMode                    build/stm32f1xx_hal.o
HAL_DBGMCU_DisableDBGStandbyMode                  build/stm32f1xx_hal.o
HAL_DBGMCU_DisableDBGStopMode                     build/stm32f1xx_hal.o
HAL_DBGMCU_EnableDBGSleepMode                     build/stm32f1xx_hal.o
HAL_DBGMCU_EnableDBGStandbyMode                   build/stm32f1xx_hal.o
HAL_DBGMCU_EnableDBGStopMode                      build/stm32f1xx_hal.o
HAL_DMA_Abort                                     build/stm32f1xx_hal_dma.o
HAL_DMA_Abort_IT                                  build/stm32f1xx_hal_dma.o
HAL_DMA_DeInit                                    build/stm32f1xx_hal_dma.o
HAL_DMA_GetError                                  build/stm32f1xx_hal_dma.o
HAL_DMA_GetState                                  build/stm32f1xx_hal_dma.o
HAL_DMA_IRQHandler                                build/stm32f1xx_hal_dma.o
HAL_DMA_Init                                      build/stm32f1xx_hal_dma.o
HAL_DMA_PollForTransfer                           build/stm32f1xx_hal_dma.o
HAL_DMA_RegisterCallback                          build/stm32f1xx_hal_dma.o
HAL_DMA_Start                                     build/stm32f1xx_hal_dma.o
HAL_DMA_Start_IT                                  build/stm32f1xx_hal_dma.o
HAL_DMA_UnRegisterCallback                        build/stm32f1xx_hal_dma.o
HAL_DeInit                                        build/stm32f1xx_hal.o
HAL_Delay                                         build/stm32f1xx_hal.o
                                                  build/main.o
HAL_EXTI_ClearConfigLine                          build/stm32f1xx_hal_exti.o
HAL_EXTI_ClearPending                             build/stm32f1xx_hal_exti.o
HAL_EXTI_GenerateSWI                              build/stm32f1xx_hal_exti.o
HAL_EXTI_GetConfigLine                            build/stm32f1xx_hal_exti.o
HAL_EXTI_GetHandle                                build/stm32f1xx_hal_exti.o
HAL_EXTI_GetPending                               build/stm32f1xx_hal_exti.o
HAL_EXTI_IRQHandler                               build/stm32f1xx_hal_exti.o
HAL_EXTI_RegisterCallback                         build/stm32f1xx_hal_exti.o
HAL_EXTI_SetConfigLine                            build/stm32f1xx_hal_exti.o
HAL_FLASHEx_Erase                                 build/stm32f1xx_hal_flash_ex.o
HAL_FLASHEx_Erase_IT                              build/stm32f1xx_hal_flash_ex.o
HAL_FLASHEx_OBErase                               build/stm32f1xx_hal_flash_ex.o
HAL_FLASHEx_OBGetConfig                           build/stm32f1xx_hal_flash_ex.o
HAL_FLASHEx_OBGetUserData                         build/stm32f1xx_hal_flash_ex.o
HAL_FLASHEx_OBProgram                             build/stm32f1xx_hal_flash_ex.o
HAL_FLASH_EndOfOperationCallback                  build/stm32f1xx_hal_flash.o
HAL_FLASH_GetError                                build/stm32f1xx_hal_flash.o
HAL_FLASH_IRQHandler                              build/stm32f1xx_hal_flash.o
HAL_FLASH_Lock                                    build/stm32f1xx_hal_flash.o
HAL_FLASH_OB_Launch                               build/stm32f1xx_hal_flash.o
HAL_FLASH_OB_Lock                                 build/stm32f1xx_hal_flash.o
HAL_FLASH_OB_Unlock                               build/stm32f1xx_hal_flash.o
HAL_FLASH_OperationErrorCallback                  build/stm32f1xx_hal_flash.o
HAL_FLASH_Program                                 build/stm32f1xx_hal_flash.o
HAL_FLASH_Program_IT                              build/stm32f1xx_hal_flash.o
HAL_FLASH_Unlock                                  build/stm32f1xx_hal_flash.o
HAL_GPIOEx_ConfigEventout                         build/stm32f1xx_hal_gpio_ex.o
HAL_GPIOEx_DisableEventout                        build/stm32f1xx_hal_gpio_ex.o
HAL_GPIOEx_EnableEventout                         build/stm32f1xx_hal_gpio_ex.o
HAL_GPIO_DeInit                                   build/stm32f1xx_hal_gpio.o
HAL_GPIO_EXTI_Callback                            build/stm32f1xx_hal_gpio.o
HAL_GPIO_EXTI_IRQHandler                          build/stm32f1xx_hal_gpio.o
HAL_GPIO_Init                                     build/stm32f1xx_hal_gpio.o
                                                  build/stm32f1xx_hal_rcc.o
                                                  build/main.o
HAL_GPIO_LockPin                                  build/stm32f1xx_hal_gpio.o
HAL_GPIO_ReadPin                                  build/stm32f1xx_hal_gpio.o
                                                  build/main.o
HAL_GPIO_TogglePin                                build/stm32f1xx_hal_gpio.o
HAL_GPIO_WritePin                                 build/stm32f1xx_hal_gpio.o
                                                  build/main.o
HAL_GetDEVID                                      build/stm32f1xx_hal.o
HAL_GetHalVersion                                 build/stm32f1xx_hal.o
HAL_GetREVID                                      build/stm32f1xx_hal.o
HAL_GetTick                                       build/stm32f1xx_hal.o
                                                  build/stm32f1xx_hal_rcc_ex.o
                                                  build/stm32f1xx_hal_rcc.o
                                                  build/stm32f1xx_hal_flash.o
                                                  build/stm32f1xx_hal_dma.o
HAL_GetTickFreq                                   build/stm32f1xx_hal.o
HAL_GetTickPrio                                   build/stm32f1xx_hal.o
HAL_GetUIDw0                                      build/stm32f1xx_hal.o
HAL_GetUIDw1                                      build/stm32f1xx_hal.o
HAL_GetUIDw2                                      build/stm32f1xx_hal.o
HAL_IncTick                                       build/stm32f1xx_hal.o
                                                  build/stm32f1xx_it.o
HAL_Init                                          build/stm32f1xx_hal.o
                                                  build/main.o
HAL_InitTick                                      build/stm32f1xx_hal.o
                                                  build/stm32f1xx_hal_rcc.o
HAL_MspDeInit                                     build/stm32f1xx_hal.o
HAL_MspInit                                       build/stm32f1xx_hal_msp.o
HAL_NVIC_ClearPendingIRQ                          build/stm32f1xx_hal_cortex.o
HAL_NVIC_DisableIRQ                               build/stm32f1xx_hal_cortex.o
HAL_NVIC_EnableIRQ                                build/stm32f1xx_hal_cortex.o
HAL_NVIC_GetActive                                build/stm32f1xx_hal_cortex.o
HAL_NVIC_GetPendingIRQ                            build/stm32f1xx_hal_cortex.o
HAL_NVIC_GetPriority                              build/stm32f1xx_hal_cortex.o
HAL_NVIC_GetPriorityGrouping                      build/stm32f1xx_hal_cortex.o
HAL_NVIC_SetPendingIRQ                            build/stm32f1xx_hal_cortex.o
HAL_NVIC_SetPriority                              build/stm32f1xx_hal_cortex.o
                                                  build/stm32f1xx_hal.o
HAL_NVIC_SetPriorityGrouping                      build/stm32f1xx_hal_cortex.o
                                                  build/stm32f1xx_hal.o
HAL_NVIC_SystemReset                              build/stm32f1xx_hal_cortex.o
                                                  build/stm32f1xx_hal_flash.o
HAL_PWR_ConfigPVD                                 build/stm32f1xx_hal_pwr.o
HAL_PWR_DeInit                                    build/stm32f1xx_hal_pwr.o
HAL_PWR_DisableBkUpAccess                         build/stm32f1xx_hal_pwr.o
HAL_PWR_DisablePVD                                build/stm32f1xx_hal_pwr.o
HAL_PWR_DisableSEVOnPend                          build/stm32f1xx_hal_pwr.o
HAL_PWR_DisableSleepOnExit                        build/stm32f1xx_hal_pwr.o
HAL_PWR_DisableWakeUpPin                          build/stm32f1xx_hal_pwr.o
HAL_PWR_EnableBkUpAccess                          build/stm32f1xx_hal_pwr.o
HAL_PWR_EnablePVD                                 build/stm32f1xx_hal_pwr.o
HAL_PWR_EnableSEVOnPend                           build/stm32f1xx_hal_pwr.o
HAL_PWR_EnableSleepOnExit                         build/stm32f1xx_hal_pwr.o
HAL_PWR_EnableWakeUpPin                           build/stm32f1xx_hal_pwr.o
HAL_PWR_EnterSLEEPMode                            build/stm32f1xx_hal_pwr.o
HAL_PWR_EnterSTANDBYMode                          build/stm32f1xx_hal_pwr.o
HAL_PWR_EnterSTOPMode                             build/stm32f1xx_hal_pwr.o
HAL_PWR_PVDCallback                               build/stm32f1xx_hal_pwr.o
HAL_PWR_PVD_IRQHandler                            build/stm32f1xx_hal_pwr.o
HAL_RCCEx_GetPeriphCLKConfig                      build/stm32f1xx_hal_rcc_ex.o
HAL_RCCEx_GetPeriphCLKFreq                        build/stm32f1xx_hal_rcc_ex.o
HAL_RCCEx_PeriphCLKConfig                         build/stm32f1xx_hal_rcc_ex.o
HAL_RCC_CSSCallback                               build/stm32f1xx_hal_rcc.o
HAL_RCC_ClockConfig                               build/stm32f1xx_hal_rcc.o
                                                  build/main.o
HAL_RCC_DeInit                                    build/stm32f1xx_hal_rcc.o
HAL_RCC_DisableCSS                                build/stm32f1xx_hal_rcc.o
HAL_RCC_EnableCSS                                 build/stm32f1xx_hal_rcc.o
HAL_RCC_GetClockConfig                            build/stm32f1xx_hal_rcc.o
HAL_RCC_GetHCLKFreq                               build/stm32f1xx_hal_rcc.o
HAL_RCC_GetOscConfig                              build/stm32f1xx_hal_rcc.o
HAL_RCC_GetPCLK1Freq                              build/stm32f1xx_hal_rcc.o
HAL_RCC_GetPCLK2Freq                              build/stm32f1xx_hal_rcc.o
                                                  build/stm32f1xx_hal_rcc_ex.o
HAL_RCC_GetSysClockFreq                           build/stm32f1xx_hal_rcc.o
HAL_RCC_MCOConfig                                 build/stm32f1xx_hal_rcc.o
HAL_RCC_NMI_IRQHandler                            build/stm32f1xx_hal_rcc.o
HAL_RCC_OscConfig                                 build/stm32f1xx_hal_rcc.o
                                                  build/main.o
HAL_ResumeTick                                    build/stm32f1xx_hal.o
HAL_SYSTICK_CLKSourceConfig                       build/stm32f1xx_hal_cortex.o
HAL_SYSTICK_Callback                              build/stm32f1xx_hal_cortex.o
HAL_SYSTICK_Config                                build/stm32f1xx_hal_cortex.o
                                                  build/stm32f1xx_hal.o
HAL_SYSTICK_IRQHandler                            build/stm32f1xx_hal_cortex.o
HAL_SetTickFreq                                   build/stm32f1xx_hal.o
HAL_SuspendTick                                   build/stm32f1xx_hal.o
HardFault_Handler                                 build/stm32f1xx_it.o
I2C1_ER_IRQHandler                                build/startup_stm32f103xb.o
I2C1_EV_IRQHandler                                build/startup_stm32f103xb.o
I2C2_ER_IRQHandler                                build/startup_stm32f103xb.o
I2C2_EV_IRQHandler                                build/startup_stm32f103xb.o
MemManage_Handler                                 build/stm32f1xx_it.o
NMI_Handler                                       build/stm32f1xx_it.o
PVD_IRQHandler                                    build/startup_stm32f103xb.o
PendSV_Handler                                    build/stm32f1xx_it.o
RCC_IRQHandler                                    build/startup_stm32f103xb.o
RTC_Alarm_IRQHandler                              build/startup_stm32f103xb.o
RTC_IRQHandler                                    build/startup_stm32f103xb.o
Reset_Handler                                     build/startup_stm32f103xb.o
SPI1_IRQHandler                                   build/startup_stm32f103xb.o
SPI2_IRQHandler                                   build/startup_stm32f103xb.o
SVC_Handler                                       build/stm32f1xx_it.o
SysTick_Handler                                   build/stm32f1xx_it.o
SystemClock_Config                                build/main.o
SystemCoreClock                                   build/system_stm32f1xx.o
                                                  build/stm32f1xx_hal_rcc.o
                                                  build/stm32f1xx_hal.o
SystemCoreClockUpdate                             build/system_stm32f1xx.o
SystemInit                                        build/system_stm32f1xx.o
                                                  build/startup_stm32f103xb.o
TAMPER_IRQHandler                                 build/startup_stm32f103xb.o
TIM1_BRK_IRQHandler                               build/startup_stm32f103xb.o
TIM1_CC_IRQHandler                                build/startup_stm32f103xb.o
TIM1_TRG_COM_IRQHandler                           build/startup_stm32f103xb.o
TIM1_UP_IRQHandler                                build/startup_stm32f103xb.o
TIM2_IRQHandler                                   build/startup_stm32f103xb.o
TIM3_IRQHandler                                   build/startup_stm32f103xb.o
TIM4_IRQHandler                                   build/startup_stm32f103xb.o
USART1_IRQHandler                                 build/startup_stm32f103xb.o
USART2_IRQHandler                                 build/startup_stm32f103xb.o
USART3_IRQHandler                                 build/startup_stm32f103xb.o
USBWakeUp_IRQHandler                              build/startup_stm32f103xb.o
USB_HP_CAN1_TX_IRQHandler                         build/startup_stm32f103xb.o
USB_LP_CAN1_RX0_IRQHandler                        build/startup_stm32f103xb.o
UsageFault_Handler                                build/stm32f1xx_it.o
WWDG_IRQHandler                                   build/startup_stm32f103xb.o
_Unwind_Backtrace                                 /home/daan/.config/Code/User/globalStorage/bmd.stm32-for-vscode/@xpack-dev-tools/arm-none-eabi-gcc/10.2.1-1.1.2/.content/bin/../lib/gcc/arm-none-eabi/10.2.1/thumb/v7-m/nofp/libgcc.a(libunwind.o)
_Unwind_Complete                                  /home/daan/.config/Code/User/globalStorage/bmd.stm32-for-vscode/@xpack-dev-tools/arm-none-eabi-gcc/10.2.1-1.1.2/.content/bin/../lib/gcc/arm-none-eabi/10.2.1/thumb/v7-m/nofp/libgcc.a(unwind-arm.o)
_Unwind_DeleteException                           /home/daan/.config/Code/User/globalStorage/bmd.stm32-for-vscode/@xpack-dev-tools/arm-none-eabi-gcc/10.2.1-1.1.2/.content/bin/../lib/gcc/arm-none-eabi/10.2.1/thumb/v7-m/nofp/libgcc.a(unwind-arm.o)
_Unwind_ForcedUnwind                              /home/daan/.config/Code/User/globalStorage/bmd.stm32-for-vscode/@xpack-dev-tools/arm-none-eabi-gcc/10.2.1-1.1.2/.content/bin/../lib/gcc/arm-none-eabi/10.2.1/thumb/v7-m/nofp/libgcc.a(libunwind.o)
_Unwind_GetCFA                                    /home/daan/.config/Code/User/globalStorage/bmd.stm32-for-vscode/@xpack-dev-tools/arm-none-eabi-gcc/10.2.1-1.1.2/.content/bin/../lib/gcc/arm-none-eabi/10.2.1/thumb/v7-m/nofp/libgcc.a(unwind-arm.o)
_Unwind_GetDataRelBase                            /home/daan/.config/Code/User/globalStorage/bmd.stm32-for-vscode/@xpack-dev-tools/arm-none-eabi-gcc/10.2.1-1.1.2/.content/bin/../lib/gcc/arm-none-eabi/10.2.1/thumb/v7-m/nofp/libgcc.a(pr-support.o)
_Unwind_GetLanguageSpecificData                   /home/daan/.config/Code/User/globalStorage/bmd.stm32-for-vscode/@xpack-dev-tools/arm-none-eabi-gcc/10.2.1-1.1.2/.content/bin/../lib/gcc/arm-none-eabi/10.2.1/thumb/v7-m/nofp/libgcc.a(pr-support.o)
_Unwind_GetRegionStart                            /home/daan/.config/Code/User/globalStorage/bmd.stm32-for-vscode/@xpack-dev-tools/arm-none-eabi-gcc/10.2.1-1.1.2/.content/bin/../lib/gcc/arm-none-eabi/10.2.1/thumb/v7-m/nofp/libgcc.a(pr-support.o)
_Unwind_GetTextRelBase                            /home/daan/.config/Code/User/globalStorage/bmd.stm32-for-vscode/@xpack-dev-tools/arm-none-eabi-gcc/10.2.1-1.1.2/.content/bin/../lib/gcc/arm-none-eabi/10.2.1/thumb/v7-m/nofp/libgcc.a(pr-support.o)
_Unwind_RaiseException                            /home/daan/.config/Code/User/globalStorage/bmd.stm32-for-vscode/@xpack-dev-tools/arm-none-eabi-gcc/10.2.1-1.1.2/.content/bin/../lib/gcc/arm-none-eabi/10.2.1/thumb/v7-m/nofp/libgcc.a(libunwind.o)
_Unwind_Resume                                    /home/daan/.config/Code/User/globalStorage/bmd.stm32-for-vscode/@xpack-dev-tools/arm-none-eabi-gcc/10.2.1-1.1.2/.content/bin/../lib/gcc/arm-none-eabi/10.2.1/thumb/v7-m/nofp/libgcc.a(libunwind.o)
_Unwind_Resume_or_Rethrow                         /home/daan/.config/Code/User/globalStorage/bmd.stm32-for-vscode/@xpack-dev-tools/arm-none-eabi-gcc/10.2.1-1.1.2/.content/bin/../lib/gcc/arm-none-eabi/10.2.1/thumb/v7-m/nofp/libgcc.a(libunwind.o)
_Unwind_VRS_Get                                   /home/daan/.config/Code/User/globalStorage/bmd.stm32-for-vscode/@xpack-dev-tools/arm-none-eabi-gcc/10.2.1-1.1.2/.content/bin/../lib/gcc/arm-none-eabi/10.2.1/thumb/v7-m/nofp/libgcc.a(unwind-arm.o)
                                                  /home/daan/.config/Code/User/globalStorage/bmd.stm32-for-vscode/@xpack-dev-tools/arm-none-eabi-gcc/10.2.1-1.1.2/.content/bin/../lib/gcc/arm-none-eabi/10.2.1/thumb/v7-m/nofp/libgcc.a(pr-support.o)
_Unwind_VRS_Pop                                   /home/daan/.config/Code/User/globalStorage/bmd.stm32-for-vscode/@xpack-dev-tools/arm-none-eabi-gcc/10.2.1-1.1.2/.content/bin/../lib/gcc/arm-none-eabi/10.2.1/thumb/v7-m/nofp/libgcc.a(unwind-arm.o)
                                                  /home/daan/.config/Code/User/globalStorage/bmd.stm32-for-vscode/@xpack-dev-tools/arm-none-eabi-gcc/10.2.1-1.1.2/.content/bin/../lib/gcc/arm-none-eabi/10.2.1/thumb/v7-m/nofp/libgcc.a(pr-support.o)
_Unwind_VRS_Set                                   /home/daan/.config/Code/User/globalStorage/bmd.stm32-for-vscode/@xpack-dev-tools/arm-none-eabi-gcc/10.2.1-1.1.2/.content/bin/../lib/gcc/arm-none-eabi/10.2.1/thumb/v7-m/nofp/libgcc.a(unwind-arm.o)
                                                  /home/daan/.config/Code/User/globalStorage/bmd.stm32-for-vscode/@xpack-dev-tools/arm-none-eabi-gcc/10.2.1-1.1.2/.content/bin/../lib/gcc/arm-none-eabi/10.2.1/thumb/v7-m/nofp/libgcc.a(pr-support.o)
___Unwind_Backtrace                               /home/daan/.config/Code/User/globalStorage/bmd.stm32-for-vscode/@xpack-dev-tools/arm-none-eabi-gcc/10.2.1-1.1.2/.content/bin/../lib/gcc/arm-none-eabi/10.2.1/thumb/v7-m/nofp/libgcc.a(libunwind.o)
___Unwind_ForcedUnwind                            /home/daan/.config/Code/User/globalStorage/bmd.stm32-for-vscode/@xpack-dev-tools/arm-none-eabi-gcc/10.2.1-1.1.2/.content/bin/../lib/gcc/arm-none-eabi/10.2.1/thumb/v7-m/nofp/libgcc.a(libunwind.o)
___Unwind_RaiseException                          /home/daan/.config/Code/User/globalStorage/bmd.stm32-for-vscode/@xpack-dev-tools/arm-none-eabi-gcc/10.2.1-1.1.2/.content/bin/../lib/gcc/arm-none-eabi/10.2.1/thumb/v7-m/nofp/libgcc.a(libunwind.o)
___Unwind_Resume                                  /home/daan/.config/Code/User/globalStorage/bmd.stm32-for-vscode/@xpack-dev-tools/arm-none-eabi-gcc/10.2.1-1.1.2/.content/bin/../lib/gcc/arm-none-eabi/10.2.1/thumb/v7-m/nofp/libgcc.a(libunwind.o)
___Unwind_Resume_or_Rethrow                       /home/daan/.config/Code/User/globalStorage/bmd.stm32-for-vscode/@xpack-dev-tools/arm-none-eabi-gcc/10.2.1-1.1.2/.content/bin/../lib/gcc/arm-none-eabi/10.2.1/thumb/v7-m/nofp/libgcc.a(libunwind.o)
__aeabi_unwind_cpp_pr0                            /home/daan/.config/Code/User/globalStorage/bmd.stm32-for-vscode/@xpack-dev-tools/arm-none-eabi-gcc/10.2.1-1.1.2/.content/bin/../lib/gcc/arm-none-eabi/10.2.1/thumb/v7-m/nofp/libgcc.a(unwind-arm.o)
                                                  /home/daan/.config/Code/User/globalStorage/bmd.stm32-for-vscode/@xpack-dev-tools/arm-none-eabi-gcc/10.2.1-1.1.2/.content/bin/../lib/gcc/arm-none-eabi/10.2.1/../../../../arm-none-eabi/lib/thumb/v7-m/nofp/libc.a(lib_a-freer.o)
                                                  /home/daan/.config/Code/User/globalStorage/bmd.stm32-for-vscode/@xpack-dev-tools/arm-none-eabi-gcc/10.2.1-1.1.2/.content/bin/../lib/gcc/arm-none-eabi/10.2.1/../../../../arm-none-eabi/lib/thumb/v7-m/nofp/libc.a(lib_a-sbrkr.o)
                                                  /home/daan/.config/Code/User/globalStorage/bmd.stm32-for-vscode/@xpack-dev-tools/arm-none-eabi-gcc/10.2.1-1.1.2/.content/bin/../lib/gcc/arm-none-eabi/10.2.1/../../../../arm-none-eabi/lib/thumb/v7-m/nofp/libc.a(lib_a-reent.o)
                                                  /home/daan/.config/Code/User/globalStorage/bmd.stm32-for-vscode/@xpack-dev-tools/arm-none-eabi-gcc/10.2.1-1.1.2/.content/bin/../lib/gcc/arm-none-eabi/10.2.1/../../../../arm-none-eabi/lib/thumb/v7-m/nofp/libc.a(lib_a-mallocr.o)
                                                  /home/daan/.config/Code/User/globalStorage/bmd.stm32-for-vscode/@xpack-dev-tools/arm-none-eabi-gcc/10.2.1-1.1.2/.content/bin/../lib/gcc/arm-none-eabi/10.2.1/../../../../arm-none-eabi/lib/thumb/v7-m/nofp/libc.a(lib_a-signalr.o)
                                                  /home/daan/.config/Code/User/globalStorage/bmd.stm32-for-vscode/@xpack-dev-tools/arm-none-eabi-gcc/10.2.1-1.1.2/.content/bin/../lib/gcc/arm-none-eabi/10.2.1/../../../../arm-none-eabi/lib/thumb/v7-m/nofp/libc.a(lib_a-signal.o)
                                                  /home/daan/.config/Code/User/globalStorage/bmd.stm32-for-vscode/@xpack-dev-tools/arm-none-eabi-gcc/10.2.1-1.1.2/.content/bin/../lib/gcc/arm-none-eabi/10.2.1/thumb/v7-m/nofp/libgcc.a(pr-support.o)
                                                  /home/daan/.config/Code/User/globalStorage/bmd.stm32-for-vscode/@xpack-dev-tools/arm-none-eabi-gcc/10.2.1-1.1.2/.content/bin/../lib/gcc/arm-none-eabi/10.2.1/../../../../arm-none-eabi/lib/thumb/v7-m/nofp/libc.a(lib_a-__atexit.o)
                                                  /home/daan/.config/Code/User/globalStorage/bmd.stm32-for-vscode/@xpack-dev-tools/arm-none-eabi-gcc/10.2.1-1.1.2/.content/bin/../lib/gcc/arm-none-eabi/10.2.1/../../../../arm-none-eabi/lib/thumb/v7-m/nofp/libc.a(lib_a-fini.o)
                                                  /home/daan/.config/Code/User/globalStorage/bmd.stm32-for-vscode/@xpack-dev-tools/arm-none-eabi-gcc/10.2.1-1.1.2/.content/bin/../lib/gcc/arm-none-eabi/10.2.1/../../../../arm-none-eabi/lib/thumb/v7-m/nofp/libc.a(lib_a-__call_atexit.o)